This is XeTeX, Version 3.141592653-2.6-0.999997 (TeX Live 2025) (preloaded format=xelatex 2025.8.5)  8 AUG 2025 21:51
entering extended mode
 restricted \write18 enabled.
 %&-line parsing enabled.
**_main.tex
(./_main.tex
LaTeX2e <2025-06-01> patch level 1
L3 programming layer <2025-07-20>
(c:/Users/kuipers/AppData/Roaming/TinyTeX/texmf-dist/tex/latex/base/article.cls
Document Class: article 2025/01/22 v1.4n Standard LaTeX document class
(c:/Users/kuipers/AppData/Roaming/TinyTeX/texmf-dist/tex/latex/base/size10.clo
File: size10.clo 2025/01/22 v1.4n Standard LaTeX file (size option)
)
\c@part=\count271
\c@section=\count272
\c@subsection=\count273
\c@subsubsection=\count274
\c@paragraph=\count275
\c@subparagraph=\count276
\c@figure=\count277
\c@table=\count278
\abovecaptionskip=\skip49
\belowcaptionskip=\skip50
\bibindent=\dimen148
) (c:/Users/kuipers/AppData/Roaming/TinyTeX/texmf-dist/tex/latex/amsmath/amsmath.sty
Package: amsmath 2025/06/16 v2.17y AMS math features
\@mathmargin=\skip51
For additional information on amsmath, use the `?' option.
(c:/Users/kuipers/AppData/Roaming/TinyTeX/texmf-dist/tex/latex/amsmath/amstext.sty
Package: amstext 2024/11/17 v2.01 AMS text
(c:/Users/kuipers/AppData/Roaming/TinyTeX/texmf-dist/tex/latex/amsmath/amsgen.sty
File: amsgen.sty 1999/11/30 v2.0 generic functions
\@emptytoks=\toks17
\ex@=\dimen149
)) (c:/Users/kuipers/AppData/Roaming/TinyTeX/texmf-dist/tex/latex/amsmath/amsbsy.sty
Package: amsbsy 1999/11/29 v1.2d Bold Symbols
\pmbraise@=\dimen150
) (c:/Users/kuipers/AppData/Roaming/TinyTeX/texmf-dist/tex/latex/amsmath/amsopn.sty
Package: amsopn 2022/04/08 v2.04 operator names
)
\inf@bad=\count279
LaTeX Info: Redefining \frac on input line 233.
\uproot@=\count280
\leftroot@=\count281
LaTeX Info: Redefining \overline on input line 398.
LaTeX Info: Redefining \colon on input line 409.
\classnum@=\count282
\DOTSCASE@=\count283
LaTeX Info: Redefining \ldots on input line 495.
LaTeX Info: Redefining \dots on input line 498.
LaTeX Info: Redefining \cdots on input line 619.
\Mathstrutbox@=\box53
\strutbox@=\box54
LaTeX Info: Redefining \big on input line 721.
LaTeX Info: Redefining \Big on input line 722.
LaTeX Info: Redefining \bigg on input line 723.
LaTeX Info: Redefining \Bigg on input line 724.
\big@size=\dimen151
LaTeX Font Info:    Redeclaring font encoding OML on input line 742.
LaTeX Font Info:    Redeclaring font encoding OMS on input line 743.
\macc@depth=\count284
LaTeX Info: Redefining \bmod on input line 904.
LaTeX Info: Redefining \pmod on input line 909.
LaTeX Info: Redefining \smash on input line 939.
LaTeX Info: Redefining \relbar on input line 969.
LaTeX Info: Redefining \Relbar on input line 970.
\c@MaxMatrixCols=\count285
\dotsspace@=\muskip17
\c@parentequation=\count286
\dspbrk@lvl=\count287
\tag@help=\toks18
\row@=\count288
\column@=\count289
\maxfields@=\count290
\andhelp@=\toks19
\eqnshift@=\dimen152
\alignsep@=\dimen153
\tagshift@=\dimen154
\tagwidth@=\dimen155
\totwidth@=\dimen156
\lineht@=\dimen157
\@envbody=\toks20
\multlinegap=\skip52
\multlinetaggap=\skip53
\mathdisplay@stack=\toks21
LaTeX Info: Redefining \[ on input line 2949.
LaTeX Info: Redefining \] on input line 2950.
) (c:/Users/kuipers/AppData/Roaming/TinyTeX/texmf-dist/tex/latex/amsfonts/amssymb.sty
Package: amssymb 2013/01/14 v3.01 AMS font symbols
(c:/Users/kuipers/AppData/Roaming/TinyTeX/texmf-dist/tex/latex/amsfonts/amsfonts.sty
Package: amsfonts 2013/01/14 v3.01 Basic AMSFonts support
\symAMSa=\mathgroup4
\symAMSb=\mathgroup5
LaTeX Font Info:    Redeclaring math symbol \hbar on input line 98.
LaTeX Font Info:    Overwriting math alphabet `\mathfrak' in version `bold'
(Font)                  U/euf/m/n --> U/euf/b/n on input line 106.
)) (c:/Users/kuipers/AppData/Roaming/TinyTeX/texmf-dist/tex/generic/iftex/iftex.sty
Package: iftex 2024/12/12 v1.0g TeX engine tests
) (c:/Users/kuipers/AppData/Roaming/TinyTeX/texmf-dist/tex/latex/unicode-math/unicode-math.sty (c:/Users/kuipers/AppData/Roaming/TinyTeX/texmf-dist/tex/latex/l3kernel/expl3.sty
Package: expl3 2025-07-20 L3 programming layer (loader) 
(c:/Users/kuipers/AppData/Roaming/TinyTeX/texmf-dist/tex/latex/l3backend/l3backend-xetex.def
File: l3backend-xetex.def 2025-06-09 L3 backend support: XeTeX
\g__graphics_track_int=\count291
\g__pdfannot_backend_int=\count292
\g__pdfannot_backend_link_int=\count293
))
Package: unicode-math 2023/08/13 v0.8r Unicode maths in XeLaTeX and LuaLaTeX
(c:/Users/kuipers/AppData/Roaming/TinyTeX/texmf-dist/tex/latex/unicode-math/unicode-math-xetex.sty
Package: unicode-math-xetex 2023/08/13 v0.8r Unicode maths in XeLaTeX and LuaLaTeX
(c:/Users/kuipers/AppData/Roaming/TinyTeX/texmf-dist/tex/latex/l3packages/xparse/xparse.sty
Package: xparse 2024-08-16 L3 Experimental document command parser
) (c:/Users/kuipers/AppData/Roaming/TinyTeX/texmf-dist/tex/latex/l3packages/l3keys2e/l3keys2e.sty
Package: l3keys2e 2024-08-16 LaTeX2e option processing using LaTeX3 keys
) (c:/Users/kuipers/AppData/Roaming/TinyTeX/texmf-dist/tex/latex/fontspec/fontspec.sty
Package: fontspec 2024/05/11 v2.9e Font selection for XeLaTeX and LuaLaTeX
(c:/Users/kuipers/AppData/Roaming/TinyTeX/texmf-dist/tex/latex/fontspec/fontspec-xetex.sty
Package: fontspec-xetex 2024/05/11 v2.9e Font selection for XeLaTeX and LuaLaTeX
\l__fontspec_script_int=\count294
\l__fontspec_language_int=\count295
\l__fontspec_strnum_int=\count296
\l__fontspec_tmp_int=\count297
\l__fontspec_tmpa_int=\count298
\l__fontspec_tmpb_int=\count299
\l__fontspec_tmpc_int=\count300
\l__fontspec_em_int=\count301
\l__fontspec_emdef_int=\count302
\l__fontspec_strong_int=\count303
\l__fontspec_strongdef_int=\count304
\l__fontspec_tmpa_dim=\dimen158
\l__fontspec_tmpb_dim=\dimen159
\l__fontspec_tmpc_dim=\dimen160
(c:/Users/kuipers/AppData/Roaming/TinyTeX/texmf-dist/tex/latex/base/fontenc.sty
Package: fontenc 2024/12/21 v2.1c Standard LaTeX package
) (c:/Users/kuipers/AppData/Roaming/TinyTeX/texmf-dist/tex/latex/fontspec/fontspec.cfg))) (c:/Users/kuipers/AppData/Roaming/TinyTeX/texmf-dist/tex/latex/base/fix-cm.sty
Package: fix-cm 2020/11/24 v1.1t fixes to LaTeX
(c:/Users/kuipers/AppData/Roaming/TinyTeX/texmf-dist/tex/latex/base/ts1enc.def
File: ts1enc.def 2001/06/05 v3.0e (jk/car/fm) Standard LaTeX file
LaTeX Font Info:    Redeclaring font encoding TS1 on input line 47.
LaTeX Encoding Info:    Redeclaring text command \capitalcedilla (encoding TS1) on input line 49.
LaTeX Encoding Info:    Redeclaring text command \capitalogonek (encoding TS1) on input line 52.
LaTeX Encoding Info:    Redeclaring text command \capitalgrave (encoding TS1) on input line 55.
LaTeX Encoding Info:    Redeclaring text command \capitalacute (encoding TS1) on input line 56.
LaTeX Encoding Info:    Redeclaring text command \capitalcircumflex (encoding TS1) on input line 57.
LaTeX Encoding Info:    Redeclaring text command \capitaltilde (encoding TS1) on input line 58.
LaTeX Encoding Info:    Redeclaring text command \capitaldieresis (encoding TS1) on input line 59.
LaTeX Encoding Info:    Redeclaring text command \capitalhungarumlaut (encoding TS1) on input line 60.
LaTeX Encoding Info:    Redeclaring text command \capitalring (encoding TS1) on input line 61.
LaTeX Encoding Info:    Redeclaring text command \capitalcaron (encoding TS1) on input line 62.
LaTeX Encoding Info:    Redeclaring text command \capitalbreve (encoding TS1) on input line 63.
LaTeX Encoding Info:    Redeclaring text command \capitalmacron (encoding TS1) on input line 64.
LaTeX Encoding Info:    Redeclaring text command \capitaldotaccent (encoding TS1) on input line 65.
LaTeX Encoding Info:    Redeclaring text command \t (encoding TS1) on input line 66.
LaTeX Encoding Info:    Redeclaring text command \capitaltie (encoding TS1) on input line 67.
LaTeX Encoding Info:    Redeclaring text command \newtie (encoding TS1) on input line 68.
LaTeX Encoding Info:    Redeclaring text command \capitalnewtie (encoding TS1) on input line 69.
LaTeX Encoding Info:    Redeclaring text symbol \textcapitalcompwordmark (encoding TS1) on input line 70.
LaTeX Encoding Info:    Redeclaring text symbol \textascendercompwordmark (encoding TS1) on input line 71.
LaTeX Encoding Info:    Redeclaring text symbol \textquotestraightbase (encoding TS1) on input line 72.
LaTeX Encoding Info:    Redeclaring text symbol \textquotestraightdblbase (encoding TS1) on input line 73.
LaTeX Encoding Info:    Redeclaring text symbol \texttwelveudash (encoding TS1) on input line 74.
LaTeX Encoding Info:    Redeclaring text symbol \textthreequartersemdash (encoding TS1) on input line 75.
LaTeX Encoding Info:    Redeclaring text symbol \textleftarrow (encoding TS1) on input line 76.
LaTeX Encoding Info:    Redeclaring text symbol \textrightarrow (encoding TS1) on input line 77.
LaTeX Encoding Info:    Redeclaring text symbol \textblank (encoding TS1) on input line 78.
LaTeX Encoding Info:    Redeclaring text symbol \textdollar (encoding TS1) on input line 79.
LaTeX Encoding Info:    Redeclaring text symbol \textquotesingle (encoding TS1) on input line 80.
LaTeX Encoding Info:    Redeclaring text command \textasteriskcentered (encoding TS1) on input line 81.
LaTeX Encoding Info:    Redeclaring text symbol \textdblhyphen (encoding TS1) on input line 92.
LaTeX Encoding Info:    Redeclaring text symbol \textfractionsolidus (encoding TS1) on input line 93.
LaTeX Encoding Info:    Redeclaring text symbol \textzerooldstyle (encoding TS1) on input line 94.
LaTeX Encoding Info:    Redeclaring text symbol \textoneoldstyle (encoding TS1) on input line 95.
LaTeX Encoding Info:    Redeclaring text symbol \texttwooldstyle (encoding TS1) on input line 96.
LaTeX Encoding Info:    Redeclaring text symbol \textthreeoldstyle (encoding TS1) on input line 97.
LaTeX Encoding Info:    Redeclaring text symbol \textfouroldstyle (encoding TS1) on input line 98.
LaTeX Encoding Info:    Redeclaring text symbol \textfiveoldstyle (encoding TS1) on input line 99.
LaTeX Encoding Info:    Redeclaring text symbol \textsixoldstyle (encoding TS1) on input line 100.
LaTeX Encoding Info:    Redeclaring text symbol \textsevenoldstyle (encoding TS1) on input line 101.
LaTeX Encoding Info:    Redeclaring text symbol \texteightoldstyle (encoding TS1) on input line 102.
LaTeX Encoding Info:    Redeclaring text symbol \textnineoldstyle (encoding TS1) on input line 103.
LaTeX Encoding Info:    Redeclaring text symbol \textlangle (encoding TS1) on input line 104.
LaTeX Encoding Info:    Redeclaring text symbol \textminus (encoding TS1) on input line 105.
LaTeX Encoding Info:    Redeclaring text symbol \textrangle (encoding TS1) on input line 106.
LaTeX Encoding Info:    Redeclaring text symbol \textmho (encoding TS1) on input line 107.
LaTeX Encoding Info:    Redeclaring text symbol \textbigcircle (encoding TS1) on input line 108.
LaTeX Encoding Info:    Redeclaring text command \textcircled (encoding TS1) on input line 109.
LaTeX Encoding Info:    Redeclaring text symbol \textohm (encoding TS1) on input line 115.
LaTeX Encoding Info:    Redeclaring text symbol \textlbrackdbl (encoding TS1) on input line 116.
LaTeX Encoding Info:    Redeclaring text symbol \textrbrackdbl (encoding TS1) on input line 117.
LaTeX Encoding Info:    Redeclaring text symbol \textuparrow (encoding TS1) on input line 118.
LaTeX Encoding Info:    Redeclaring text symbol \textdownarrow (encoding TS1) on input line 119.
LaTeX Encoding Info:    Redeclaring text symbol \textasciigrave (encoding TS1) on input line 120.
LaTeX Encoding Info:    Redeclaring text symbol \textborn (encoding TS1) on input line 121.
LaTeX Encoding Info:    Redeclaring text symbol \textdivorced (encoding TS1) on input line 122.
LaTeX Encoding Info:    Redeclaring text symbol \textdied (encoding TS1) on input line 123.
LaTeX Encoding Info:    Redeclaring text symbol \textleaf (encoding TS1) on input line 124.
LaTeX Encoding Info:    Redeclaring text symbol \textmarried (encoding TS1) on input line 125.
LaTeX Encoding Info:    Redeclaring text symbol \textmusicalnote (encoding TS1) on input line 126.
LaTeX Encoding Info:    Redeclaring text symbol \texttildelow (encoding TS1) on input line 127.
LaTeX Encoding Info:    Redeclaring text symbol \textdblhyphenchar (encoding TS1) on input line 128.
LaTeX Encoding Info:    Redeclaring text symbol \textasciibreve (encoding TS1) on input line 129.
LaTeX Encoding Info:    Redeclaring text symbol \textasciicaron (encoding TS1) on input line 130.
LaTeX Encoding Info:    Redeclaring text symbol \textacutedbl (encoding TS1) on input line 131.
LaTeX Encoding Info:    Redeclaring text symbol \textgravedbl (encoding TS1) on input line 132.
LaTeX Encoding Info:    Redeclaring text symbol \textdagger (encoding TS1) on input line 133.
LaTeX Encoding Info:    Redeclaring text symbol \textdaggerdbl (encoding TS1) on input line 134.
LaTeX Encoding Info:    Redeclaring text symbol \textbardbl (encoding TS1) on input line 135.
LaTeX Encoding Info:    Redeclaring text symbol \textperthousand (encoding TS1) on input line 136.
LaTeX Encoding Info:    Redeclaring text symbol \textbullet (encoding TS1) on input line 137.
LaTeX Encoding Info:    Redeclaring text symbol \textcelsius (encoding TS1) on input line 138.
LaTeX Encoding Info:    Redeclaring text symbol \textdollaroldstyle (encoding TS1) on input line 139.
LaTeX Encoding Info:    Redeclaring text symbol \textcentoldstyle (encoding TS1) on input line 140.
LaTeX Encoding Info:    Redeclaring text symbol \textflorin (encoding TS1) on input line 141.
LaTeX Encoding Info:    Redeclaring text symbol \textcolonmonetary (encoding TS1) on input line 142.
LaTeX Encoding Info:    Redeclaring text symbol \textwon (encoding TS1) on input line 143.
LaTeX Encoding Info:    Redeclaring text symbol \textnaira (encoding TS1) on input line 144.
LaTeX Encoding Info:    Redeclaring text symbol \textguarani (encoding TS1) on input line 145.
LaTeX Encoding Info:    Redeclaring text symbol \textpeso (encoding TS1) on input line 146.
LaTeX Encoding Info:    Redeclaring text symbol \textlira (encoding TS1) on input line 147.
LaTeX Encoding Info:    Redeclaring text symbol \textrecipe (encoding TS1) on input line 148.
LaTeX Encoding Info:    Redeclaring text symbol \textinterrobang (encoding TS1) on input line 149.
LaTeX Encoding Info:    Redeclaring text symbol \textinterrobangdown (encoding TS1) on input line 150.
LaTeX Encoding Info:    Redeclaring text symbol \textdong (encoding TS1) on input line 151.
LaTeX Encoding Info:    Redeclaring text symbol \texttrademark (encoding TS1) on input line 152.
LaTeX Encoding Info:    Redeclaring text symbol \textpertenthousand (encoding TS1) on input line 153.
LaTeX Encoding Info:    Redeclaring text symbol \textpilcrow (encoding TS1) on input line 154.
LaTeX Encoding Info:    Redeclaring text symbol \textbaht (encoding TS1) on input line 155.
LaTeX Encoding Info:    Redeclaring text symbol \textnumero (encoding TS1) on input line 156.
LaTeX Encoding Info:    Redeclaring text symbol \textdiscount (encoding TS1) on input line 157.
LaTeX Encoding Info:    Redeclaring text symbol \textestimated (encoding TS1) on input line 158.
LaTeX Encoding Info:    Redeclaring text symbol \textopenbullet (encoding TS1) on input line 159.
LaTeX Encoding Info:    Redeclaring text symbol \textservicemark (encoding TS1) on input line 160.
LaTeX Encoding Info:    Redeclaring text symbol \textlquill (encoding TS1) on input line 161.
LaTeX Encoding Info:    Redeclaring text symbol \textrquill (encoding TS1) on input line 162.
LaTeX Encoding Info:    Redeclaring text symbol \textcent (encoding TS1) on input line 163.
LaTeX Encoding Info:    Redeclaring text symbol \textsterling (encoding TS1) on input line 164.
LaTeX Encoding Info:    Redeclaring text symbol \textcurrency (encoding TS1) on input line 165.
LaTeX Encoding Info:    Redeclaring text symbol \textyen (encoding TS1) on input line 166.
LaTeX Encoding Info:    Redeclaring text symbol \textbrokenbar (encoding TS1) on input line 167.
LaTeX Encoding Info:    Redeclaring text symbol \textsection (encoding TS1) on input line 168.
LaTeX Encoding Info:    Redeclaring text symbol \textasciidieresis (encoding TS1) on input line 169.
LaTeX Encoding Info:    Redeclaring text symbol \textcopyright (encoding TS1) on input line 170.
LaTeX Encoding Info:    Redeclaring text symbol \textordfeminine (encoding TS1) on input line 171.
LaTeX Encoding Info:    Redeclaring text symbol \textcopyleft (encoding TS1) on input line 172.
LaTeX Encoding Info:    Redeclaring text symbol \textlnot (encoding TS1) on input line 173.
LaTeX Encoding Info:    Redeclaring text symbol \textcircledP (encoding TS1) on input line 174.
LaTeX Encoding Info:    Redeclaring text symbol \textregistered (encoding TS1) on input line 175.
LaTeX Encoding Info:    Redeclaring text symbol \textasciimacron (encoding TS1) on input line 176.
LaTeX Encoding Info:    Redeclaring text symbol \textdegree (encoding TS1) on input line 177.
LaTeX Encoding Info:    Redeclaring text symbol \textpm (encoding TS1) on input line 178.
LaTeX Encoding Info:    Redeclaring text symbol \texttwosuperior (encoding TS1) on input line 179.
LaTeX Encoding Info:    Redeclaring text symbol \textthreesuperior (encoding TS1) on input line 180.
LaTeX Encoding Info:    Redeclaring text symbol \textasciiacute (encoding TS1) on input line 181.
LaTeX Encoding Info:    Redeclaring text symbol \textmu (encoding TS1) on input line 182.
LaTeX Encoding Info:    Redeclaring text symbol \textparagraph (encoding TS1) on input line 183.
LaTeX Encoding Info:    Redeclaring text symbol \textperiodcentered (encoding TS1) on input line 184.
LaTeX Encoding Info:    Redeclaring text symbol \textreferencemark (encoding TS1) on input line 185.
LaTeX Encoding Info:    Redeclaring text symbol \textonesuperior (encoding TS1) on input line 186.
LaTeX Encoding Info:    Redeclaring text symbol \textordmasculine (encoding TS1) on input line 187.
LaTeX Encoding Info:    Redeclaring text symbol \textsurd (encoding TS1) on input line 188.
LaTeX Encoding Info:    Redeclaring text symbol \textonequarter (encoding TS1) on input line 189.
LaTeX Encoding Info:    Redeclaring text symbol \textonehalf (encoding TS1) on input line 190.
LaTeX Encoding Info:    Redeclaring text symbol \textthreequarters (encoding TS1) on input line 191.
LaTeX Encoding Info:    Redeclaring text symbol \texteuro (encoding TS1) on input line 192.
LaTeX Encoding Info:    Redeclaring text symbol \texttimes (encoding TS1) on input line 193.
LaTeX Encoding Info:    Redeclaring text symbol \textdiv (encoding TS1) on input line 194.
))
\g__um_fam_int=\count305
\g__um_fonts_used_int=\count306
\l__um_primecount_int=\count307
\g__um_primekern_muskip=\muskip18
(c:/Users/kuipers/AppData/Roaming/TinyTeX/texmf-dist/tex/latex/unicode-math/unicode-math-table.tex))) (c:/Users/kuipers/AppData/Roaming/TinyTeX/texmf-dist/tex/latex/lm/lmodern.sty
Package: lmodern 2015/05/01 v1.6.1 Latin Modern Fonts
LaTeX Font Info:    Overwriting symbol font `operators' in version `normal'
(Font)                  OT1/cmr/m/n --> OT1/lmr/m/n on input line 22.
LaTeX Font Info:    Overwriting symbol font `letters' in version `normal'
(Font)                  OML/cmm/m/it --> OML/lmm/m/it on input line 23.
LaTeX Font Info:    Overwriting symbol font `symbols' in version `normal'
(Font)                  OMS/cmsy/m/n --> OMS/lmsy/m/n on input line 24.
LaTeX Font Info:    Overwriting symbol font `largesymbols' in version `normal'
(Font)                  OMX/cmex/m/n --> OMX/lmex/m/n on input line 25.
LaTeX Font Info:    Overwriting symbol font `operators' in version `bold'
(Font)                  OT1/cmr/bx/n --> OT1/lmr/bx/n on input line 26.
LaTeX Font Info:    Overwriting symbol font `letters' in version `bold'
(Font)                  OML/cmm/b/it --> OML/lmm/b/it on input line 27.
LaTeX Font Info:    Overwriting symbol font `symbols' in version `bold'
(Font)                  OMS/cmsy/b/n --> OMS/lmsy/b/n on input line 28.
LaTeX Font Info:    Overwriting symbol font `largesymbols' in version `bold'
(Font)                  OMX/cmex/m/n --> OMX/lmex/m/n on input line 29.
LaTeX Font Info:    Overwriting math alphabet `\mathbf' in version `normal'
(Font)                  OT1/cmr/bx/n --> OT1/lmr/bx/n on input line 31.
LaTeX Font Info:    Overwriting math alphabet `\mathsf' in version `normal'
(Font)                  OT1/cmss/m/n --> OT1/lmss/m/n on input line 32.
LaTeX Font Info:    Overwriting math alphabet `\mathit' in version `normal'
(Font)                  OT1/cmr/m/it --> OT1/lmr/m/it on input line 33.
LaTeX Font Info:    Overwriting math alphabet `\mathtt' in version `normal'
(Font)                  OT1/cmtt/m/n --> OT1/lmtt/m/n on input line 34.
LaTeX Font Info:    Overwriting math alphabet `\mathbf' in version `bold'
(Font)                  OT1/cmr/bx/n --> OT1/lmr/bx/n on input line 35.
LaTeX Font Info:    Overwriting math alphabet `\mathsf' in version `bold'
(Font)                  OT1/cmss/bx/n --> OT1/lmss/bx/n on input line 36.
LaTeX Font Info:    Overwriting math alphabet `\mathit' in version `bold'
(Font)                  OT1/cmr/bx/it --> OT1/lmr/bx/it on input line 37.
LaTeX Font Info:    Overwriting math alphabet `\mathtt' in version `bold'
(Font)                  OT1/cmtt/m/n --> OT1/lmtt/m/n on input line 38.
) (c:/Users/kuipers/AppData/Roaming/TinyTeX/texmf-dist/tex/latex/xcolor/xcolor.sty
Package: xcolor 2024/09/29 v3.02 LaTeX color extensions (UK)
(c:/Users/kuipers/AppData/Roaming/TinyTeX/texmf-dist/tex/latex/graphics-cfg/color.cfg
File: color.cfg 2016/01/02 v1.6 sample color configuration
)
Package xcolor Info: Driver file: xetex.def on input line 274.
(c:/Users/kuipers/AppData/Roaming/TinyTeX/texmf-dist/tex/latex/graphics-def/xetex.def
File: xetex.def 2022/09/22 v5.0n Graphics/color driver for xetex
) (c:/Users/kuipers/AppData/Roaming/TinyTeX/texmf-dist/tex/latex/graphics/mathcolor.ltx)
Package xcolor Info: Model `cmy' substituted by `cmy0' on input line 1349.
Package xcolor Info: Model `RGB' extended on input line 1365.
Package xcolor Info: Model `HTML' substituted by `rgb' on input line 1367.
Package xcolor Info: Model `Hsb' substituted by `hsb' on input line 1368.
Package xcolor Info: Model `tHsb' substituted by `hsb' on input line 1369.
Package xcolor Info: Model `HSB' substituted by `hsb' on input line 1370.
Package xcolor Info: Model `Gray' substituted by `gray' on input line 1371.
Package xcolor Info: Model `wave' substituted by `hsb' on input line 1372.
) (c:/Users/kuipers/AppData/Roaming/TinyTeX/texmf-dist/tex/latex/geometry/geometry.sty
Package: geometry 2020/01/02 v5.9 Page Geometry
(c:/Users/kuipers/AppData/Roaming/TinyTeX/texmf-dist/tex/latex/graphics/keyval.sty
Package: keyval 2022/05/29 v1.15 key=value parser (DPC)
\KV@toks@=\toks22
) (c:/Users/kuipers/AppData/Roaming/TinyTeX/texmf-dist/tex/generic/iftex/ifvtex.sty
Package: ifvtex 2019/10/25 v1.7 ifvtex legacy package. Use iftex instead.
)
\Gm@cnth=\count308
\Gm@cntv=\count309
\c@Gm@tempcnt=\count310
\Gm@bindingoffset=\dimen161
\Gm@wd@mp=\dimen162
\Gm@odd@mp=\dimen163
\Gm@even@mp=\dimen164
\Gm@layoutwidth=\dimen165
\Gm@layoutheight=\dimen166
\Gm@layouthoffset=\dimen167
\Gm@layoutvoffset=\dimen168
\Gm@dimlist=\toks23
) (c:/Users/kuipers/AppData/Roaming/TinyTeX/texmf-dist/tex/latex/tools/longtable.sty
Package: longtable 2024-12-18 v4.23 Multi-page Table package (DPC)
\LTleft=\skip54
\LTright=\skip55
\LTpre=\skip56
\LTpost=\skip57
\LTchunksize=\count311
\LTcapwidth=\dimen169
\LT@head=\box55
\LT@firsthead=\box56
\LT@foot=\box57
\LT@lastfoot=\box58
\LT@gbox=\box59
\LT@cols=\count312
\LT@rows=\count313
\c@LT@tables=\count314
\c@LT@chunks=\count315
\LT@p@ftn=\toks24
) (c:/Users/kuipers/AppData/Roaming/TinyTeX/texmf-dist/tex/latex/booktabs/booktabs.sty
Package: booktabs 2020/01/12 v1.61803398 Publication quality tables
\heavyrulewidth=\dimen170
\lightrulewidth=\dimen171
\cmidrulewidth=\dimen172
\belowrulesep=\dimen173
\belowbottomsep=\dimen174
\aboverulesep=\dimen175
\abovetopsep=\dimen176
\cmidrulesep=\dimen177
\cmidrulekern=\dimen178
\defaultaddspace=\dimen179
\@cmidla=\count316
\@cmidlb=\count317
\@aboverulesep=\dimen180
\@belowrulesep=\dimen181
\@thisruleclass=\count318
\@lastruleclass=\count319
\@thisrulewidth=\dimen182
) (c:/Users/kuipers/AppData/Roaming/TinyTeX/texmf-dist/tex/latex/tools/array.sty
Package: array 2025/06/08 v2.6j Tabular extension package (FMi)
\col@sep=\dimen183
\ar@mcellbox=\box60
\extrarowheight=\dimen184
\NC@list=\toks25
\extratabsurround=\skip58
\backup@length=\skip59
\ar@cellbox=\box61
) (c:/Users/kuipers/AppData/Roaming/TinyTeX/texmf-dist/tex/latex/tools/calc.sty
Package: calc 2025/03/01 v4.3b Infix arithmetic (KKT,FJ)
\calc@Acount=\count320
\calc@Bcount=\count321
\calc@Adimen=\dimen185
\calc@Bdimen=\dimen186
\calc@Askip=\skip60
\calc@Bskip=\skip61
LaTeX Info: Redefining \setlength on input line 86.
LaTeX Info: Redefining \addtolength on input line 87.
\calc@Ccount=\count322
\calc@Cskip=\skip62
) (c:/Users/kuipers/AppData/Roaming/TinyTeX/texmf-dist/tex/latex/etoolbox/etoolbox.sty
Package: etoolbox 2025/02/11 v2.5l e-TeX tools for LaTeX (JAW)
\etb@tempcnta=\count323
) (c:/Users/kuipers/AppData/Roaming/TinyTeX/texmf-dist/tex/latex/mdwtools/footnote.sty
Package: footnote 1997/01/28 1.13 Save footnotes around boxes
\fn@notes=\box62
\fn@width=\dimen187
) (c:/Users/kuipers/AppData/Roaming/TinyTeX/texmf-dist/tex/latex/graphics/graphicx.sty
Package: graphicx 2024/12/31 v1.2e Enhanced LaTeX Graphics (DPC,SPQR)
(c:/Users/kuipers/AppData/Roaming/TinyTeX/texmf-dist/tex/latex/graphics/graphics.sty
Package: graphics 2024/08/06 v1.4g Standard LaTeX Graphics (DPC,SPQR)
(c:/Users/kuipers/AppData/Roaming/TinyTeX/texmf-dist/tex/latex/graphics/trig.sty
Package: trig 2023/12/02 v1.11 sin cos tan (DPC)
) (c:/Users/kuipers/AppData/Roaming/TinyTeX/texmf-dist/tex/latex/graphics-cfg/graphics.cfg
File: graphics.cfg 2016/06/04 v1.11 sample graphics configuration
)
Package graphics Info: Driver file: xetex.def on input line 106.
)
\Gin@req@height=\dimen188
\Gin@req@width=\dimen189
)

Package fontspec Info: 
(fontspec)             Arial Narrow scale = 0.8311533923217035.


Package fontspec Info: 
(fontspec)             Arial Narrow scale = 1.


Package fontspec Info: 
(fontspec)             Arial Narrow scale = 0.8311533923217035.


Package fontspec Info: 
(fontspec)             Arial Narrow scale = 1.


Package fontspec Info: 
(fontspec)             Arial Narrow/B scale = 0.8311533923217035.


Package fontspec Info: 
(fontspec)             Arial Narrow/B scale = 1.


Package fontspec Info: 
(fontspec)             Arial Narrow/I scale = 0.8311533923217035.


Package fontspec Info: 
(fontspec)             Arial Narrow/I scale = 1.


Package fontspec Info: 
(fontspec)             Arial Narrow/BI scale = 0.8311533923217035.


Package fontspec Info: 
(fontspec)             Arial Narrow/BI scale = 1.


Package fontspec Info: 
(fontspec)             Font family 'ArialNarrow(0)' created for font 'Arial
(fontspec)             Narrow' with options
(fontspec)             [Scale=MatchLowercase,Ligatures=TeX,Scale=1].
(fontspec)              
(fontspec)              This font family consists of the following NFSS
(fontspec)             series/shapes:
(fontspec)              
(fontspec)             - 'normal' (m/n) with NFSS spec.: <->s*[1]"Arial
(fontspec)             Narrow/OT:language=dflt;mapping=tex-text;"
(fontspec)             - 'bold' (b/n) with NFSS spec.: <->s*[1]"Arial
(fontspec)             Narrow/B/OT:language=dflt;mapping=tex-text;"
(fontspec)             - 'italic' (m/it) with NFSS spec.: <->s*[1]"Arial
(fontspec)             Narrow/I/OT:language=dflt;mapping=tex-text;"
(fontspec)             - 'bold italic' (b/it) with NFSS spec.: <->s*[1]"Arial
(fontspec)             Narrow/BI/OT:language=dflt;mapping=tex-text;"

LaTeX Font Info:    Font shape `TU/ArialNarrow(0)/m/n' will be
(Font)              scaled to size 10.0pt on input line 74.

Package fontspec Info: 
(fontspec)             Arial Narrow scale = 0.9999970574474535.


Package fontspec Info: 
(fontspec)             Arial Narrow scale = 0.9999970574474535.


Package fontspec Info: 
(fontspec)             Arial Narrow/B scale = 0.9999970574474535.


Package fontspec Info: 
(fontspec)             Arial Narrow/I scale = 0.9999970574474535.


Package fontspec Info: 
(fontspec)             Arial Narrow/BI scale = 0.9999970574474535.


Package fontspec Info: 
(fontspec)             Font family 'ArialNarrow(1)' created for font 'Arial
(fontspec)             Narrow' with options [Scale=MatchLowercase].
(fontspec)              
(fontspec)              This font family consists of the following NFSS
(fontspec)             series/shapes:
(fontspec)              
(fontspec)             - 'normal' (m/n) with NFSS spec.:
(fontspec)             <->s*[0.9999970574474535]"Arial
(fontspec)             Narrow/OT:language=dflt;"
(fontspec)             - 'bold' (b/n) with NFSS spec.:
(fontspec)             <->s*[0.9999970574474535]"Arial
(fontspec)             Narrow/B/OT:language=dflt;"
(fontspec)             - 'italic' (m/it) with NFSS spec.:
(fontspec)             <->s*[0.9999970574474535]"Arial
(fontspec)             Narrow/I/OT:language=dflt;"
(fontspec)             - 'bold italic' (b/it) with NFSS spec.:
(fontspec)             <->s*[0.9999970574474535]"Arial
(fontspec)             Narrow/BI/OT:language=dflt;"

LaTeX Font Info:    Overwriting math alphabet `\mathrm' in version `normal'
(Font)                  OT1/lmr/m/n --> TU/ArialNarrow(1)/m/n on input line 74.
LaTeX Font Info:    Overwriting math alphabet `\mathit' in version `normal'
(Font)                  OT1/lmr/m/it --> TU/ArialNarrow(1)/m/it on input line 74.
LaTeX Font Info:    Overwriting math alphabet `\mathbf' in version `normal'
(Font)                  OT1/lmr/bx/n --> TU/ArialNarrow(1)/b/n on input line 74.
(c:/Users/kuipers/AppData/Roaming/TinyTeX/texmf-dist/tex/latex/multirow/multirow.sty
Package: multirow 2024/11/12 v2.9 Span multiple rows of a table
\multirow@colwidth=\skip63
\multirow@cntb=\count324
\multirow@dima=\skip64
\bigstrutjot=\dimen190
) (c:/Users/kuipers/AppData/Roaming/TinyTeX/texmf-dist/tex/latex/wrapfig/wrapfig.sty
\wrapoverhang=\dimen191
\WF@size=\dimen192
\c@WF@wrappedlines=\count325
\WF@box=\box63
\WF@everypar=\toks26
Package: wrapfig 2003/01/31  v 3.6
) (c:/Users/kuipers/AppData/Roaming/TinyTeX/texmf-dist/tex/latex/float/float.sty
Package: float 2001/11/08 v1.3d Float enhancements (AL)
\c@float@type=\count326
\float@exts=\toks27
\float@box=\box64
\@float@everytoks=\toks28
\@floatcapt=\box65
) (c:/Users/kuipers/AppData/Roaming/TinyTeX/texmf-dist/tex/latex/colortbl/colortbl.sty
Package: colortbl 2024/10/29 v1.0k Color table columns (DPC)
\everycr=\toks29
\minrowclearance=\skip65
\rownum=\count327
) (c:/Users/kuipers/AppData/Roaming/TinyTeX/texmf-dist/tex/latex/pdflscape/pdflscape.sty
Package: pdflscape 2025-06-23 v0.14 Display of landscape pages in PDF
(c:/Users/kuipers/AppData/Roaming/TinyTeX/texmf-dist/tex/latex/pdflscape/pdflscape-nometadata.sty
Package: pdflscape-nometadata 2025-06-23 v0.14 Display of landscape pages in PDF (HO)
(c:/Users/kuipers/AppData/Roaming/TinyTeX/texmf-dist/tex/latex/graphics/lscape.sty
Package: lscape 2020/05/28 v3.02 Landscape Pages (DPC)
)
Package pdflscape Info: Auto-detected driver: dvipdfm (xetex) on input line 98.
)) (c:/Users/kuipers/AppData/Roaming/TinyTeX/texmf-dist/tex/latex/tabu/tabu.sty
Package: tabu 2019/01/11 v2.9 - flexible LaTeX tabulars (FC+tabu-fixed)
(c:/Users/kuipers/AppData/Roaming/TinyTeX/texmf-dist/tex/latex/varwidth/varwidth.sty
Package: varwidth 2009/03/30 ver 0.92;  Variable-width minipages
\@vwid@box=\box66
\sift@deathcycles=\count328
\@vwid@loff=\dimen193
\@vwid@roff=\dimen194
)
==> First Aid for varwidth.sty applied!
\c@taburow=\count329
\tabu@nbcols=\count330
\tabu@cnt=\count331
\tabu@Xcol=\count332
\tabu@alloc=\count333
\tabu@nested=\count334
\tabu@target=\dimen195
\tabu@spreadtarget=\dimen196
\tabu@naturalX=\dimen197
\tabucolX=\dimen198
\tabu@Xsum=\dimen199
\extrarowdepth=\dimen256
\abovetabulinesep=\dimen257
\belowtabulinesep=\dimen258
\tabustrutrule=\dimen259
\tabu@thebody=\toks30
\tabu@footnotes=\toks31
\tabu@box=\box67
\tabu@arstrutbox=\box68
\tabu@hleads=\box69
\tabu@vleads=\box70
\tabu@cellskip=\skip66
) (c:/Users/kuipers/AppData/Roaming/TinyTeX/texmf-dist/tex/latex/threeparttable/threeparttable.sty
Package: threeparttable 2003/06/13  v 3.0
\@tempboxb=\box71
) (c:/Users/kuipers/AppData/Roaming/TinyTeX/texmf-dist/tex/latex/threeparttablex/threeparttablex.sty
Package: threeparttablex 2013/07/23 v0.3 by daleif
(c:/Users/kuipers/AppData/Roaming/TinyTeX/texmf-dist/tex/latex/environ/environ.sty
Package: environ 2014/05/04 v0.3 A new way to define environments
(c:/Users/kuipers/AppData/Roaming/TinyTeX/texmf-dist/tex/latex/trimspaces/trimspaces.sty
Package: trimspaces 2009/09/17 v1.1 Trim spaces around a token list
))
\TPTL@width=\skip67
) (c:/Users/kuipers/AppData/Roaming/TinyTeX/texmf-dist/tex/generic/ulem/ulem.sty
\UL@box=\box72
\UL@hyphenbox=\box73
\UL@skip=\skip68
\UL@hook=\toks32
\UL@height=\dimen260
\UL@pe=\count335
\UL@pixel=\dimen261
\ULC@box=\box74
Package: ulem 2019/11/18
\ULdepth=\dimen262
) (c:/Users/kuipers/AppData/Roaming/TinyTeX/texmf-dist/tex/latex/makecell/makecell.sty
Package: makecell 2009/08/03 V0.1e Managing of Tab Column Heads and Cells
\rotheadsize=\dimen263
\c@nlinenum=\count336
\TeXr@lab=\toks33
) (c:/Users/kuipers/AppData/Roaming/TinyTeX/texmf-dist/tex/latex/natbib/natbib.sty
Package: natbib 2010/09/13 8.31b (PWD, AO)
\bibhang=\skip69
\bibsep=\skip70
LaTeX Info: Redefining \cite on input line 694.
\c@NAT@ctr=\count337
) (c:/Users/kuipers/AppData/Roaming/TinyTeX/texmf-dist/tex/latex/bookmark/bookmark.sty
Package: bookmark 2023-12-10 v1.31 PDF bookmarks (HO)
(c:/Users/kuipers/AppData/Roaming/TinyTeX/texmf-dist/tex/latex/hyperref/hyperref.sty
Package: hyperref 2025-07-12 v7.01o Hypertext links for LaTeX
(c:/Users/kuipers/AppData/Roaming/TinyTeX/texmf-dist/tex/latex/kvsetkeys/kvsetkeys.sty
Package: kvsetkeys 2022-10-05 v1.19 Key value parser (HO)
) (c:/Users/kuipers/AppData/Roaming/TinyTeX/texmf-dist/tex/generic/kvdefinekeys/kvdefinekeys.sty
Package: kvdefinekeys 2019-12-19 v1.6 Define keys (HO)
) (c:/Users/kuipers/AppData/Roaming/TinyTeX/texmf-dist/tex/generic/pdfescape/pdfescape.sty
Package: pdfescape 2019/12/09 v1.15 Implements pdfTeX's escape features (HO)
(c:/Users/kuipers/AppData/Roaming/TinyTeX/texmf-dist/tex/generic/ltxcmds/ltxcmds.sty
Package: ltxcmds 2023-12-04 v1.26 LaTeX kernel commands for general use (HO)
) (c:/Users/kuipers/AppData/Roaming/TinyTeX/texmf-dist/tex/generic/pdftexcmds/pdftexcmds.sty
Package: pdftexcmds 2020-06-27 v0.33 Utility functions of pdfTeX for LuaTeX (HO)
(c:/Users/kuipers/AppData/Roaming/TinyTeX/texmf-dist/tex/generic/infwarerr/infwarerr.sty
Package: infwarerr 2019/12/03 v1.5 Providing info/warning/error messages (HO)
)
Package pdftexcmds Info: \pdf@primitive is available.
Package pdftexcmds Info: \pdf@ifprimitive is available.
Package pdftexcmds Info: \pdfdraftmode not found.
)) (c:/Users/kuipers/AppData/Roaming/TinyTeX/texmf-dist/tex/latex/hycolor/hycolor.sty
Package: hycolor 2020-01-27 v1.10 Color options for hyperref/bookmark (HO)
) (c:/Users/kuipers/AppData/Roaming/TinyTeX/texmf-dist/tex/latex/hyperref/nameref.sty
Package: nameref 2025-06-21 v2.57 Cross-referencing by name of section
(c:/Users/kuipers/AppData/Roaming/TinyTeX/texmf-dist/tex/latex/refcount/refcount.sty
Package: refcount 2019/12/15 v3.6 Data extraction from label references (HO)
) (c:/Users/kuipers/AppData/Roaming/TinyTeX/texmf-dist/tex/generic/gettitlestring/gettitlestring.sty
Package: gettitlestring 2019/12/15 v1.6 Cleanup title references (HO)
(c:/Users/kuipers/AppData/Roaming/TinyTeX/texmf-dist/tex/latex/kvoptions/kvoptions.sty
Package: kvoptions 2022-06-15 v3.15 Key value format for package options (HO)
))
\c@section@level=\count338
) (c:/Users/kuipers/AppData/Roaming/TinyTeX/texmf-dist/tex/generic/stringenc/stringenc.sty
Package: stringenc 2019/11/29 v1.12 Convert strings between diff. encodings (HO)
)
\@linkdim=\dimen264
\Hy@linkcounter=\count339
\Hy@pagecounter=\count340
(c:/Users/kuipers/AppData/Roaming/TinyTeX/texmf-dist/tex/latex/hyperref/pd1enc.def
File: pd1enc.def 2025-07-12 v7.01o Hyperref: PDFDocEncoding definition (HO)
) (c:/Users/kuipers/AppData/Roaming/TinyTeX/texmf-dist/tex/generic/intcalc/intcalc.sty
Package: intcalc 2019/12/15 v1.3 Expandable calculations with integers (HO)
)
\Hy@SavedSpaceFactor=\count341
(c:/Users/kuipers/AppData/Roaming/TinyTeX/texmf-dist/tex/latex/hyperref/puenc.def
File: puenc.def 2025-07-12 v7.01o Hyperref: PDF Unicode definition (HO)
)
Package hyperref Info: Option `unicode' set `true' on input line 4066.
Package hyperref Info: Hyper figures OFF on input line 4195.
Package hyperref Info: Link nesting OFF on input line 4200.
Package hyperref Info: Hyper index ON on input line 4203.
Package hyperref Info: Plain pages OFF on input line 4210.
Package hyperref Info: Backreferencing OFF on input line 4215.
Package hyperref Info: Implicit mode ON; LaTeX internals redefined.
Package hyperref Info: Bookmarks ON on input line 4462.
\c@Hy@tempcnt=\count342
(c:/Users/kuipers/AppData/Roaming/TinyTeX/texmf-dist/tex/latex/url/url.sty
\Urlmuskip=\muskip19
Package: url 2013/09/16  ver 3.4  Verb mode for urls, etc.
)
LaTeX Info: Redefining \url on input line 4801.
\XeTeXLinkMargin=\dimen265
(c:/Users/kuipers/AppData/Roaming/TinyTeX/texmf-dist/tex/generic/bitset/bitset.sty
Package: bitset 2019/12/09 v1.3 Handle bit-vector datatype (HO)
(c:/Users/kuipers/AppData/Roaming/TinyTeX/texmf-dist/tex/generic/bigintcalc/bigintcalc.sty
Package: bigintcalc 2019/12/15 v1.5 Expandable calculations on big integers (HO)
))
\Fld@menulength=\count343
\Field@Width=\dimen266
\Fld@charsize=\dimen267
Package hyperref Info: Hyper figures OFF on input line 6078.
Package hyperref Info: Link nesting OFF on input line 6083.
Package hyperref Info: Hyper index ON on input line 6086.
Package hyperref Info: backreferencing OFF on input line 6093.
Package hyperref Info: Link coloring OFF on input line 6098.
Package hyperref Info: Link coloring with OCG OFF on input line 6103.
Package hyperref Info: PDF/A mode OFF on input line 6108.
\Hy@abspage=\count344
\c@Item=\count345
\c@Hfootnote=\count346
)
Package hyperref Info: Driver (autodetected): hxetex.
(c:/Users/kuipers/AppData/Roaming/TinyTeX/texmf-dist/tex/latex/hyperref/hxetex.def
File: hxetex.def 2025-07-12 v7.01o Hyperref driver for XeTeX
\pdfm@box=\box75
\c@Hy@AnnotLevel=\count347
\HyField@AnnotCount=\count348
\Fld@listcount=\count349
\c@bookmark@seq@number=\count350
(c:/Users/kuipers/AppData/Roaming/TinyTeX/texmf-dist/tex/latex/rerunfilecheck/rerunfilecheck.sty
Package: rerunfilecheck 2025-06-21 v1.11 Rerun checks for auxiliary files (HO)
(c:/Users/kuipers/AppData/Roaming/TinyTeX/texmf-dist/tex/generic/uniquecounter/uniquecounter.sty
Package: uniquecounter 2019/12/15 v1.4 Provide unlimited unique counter (HO)
)
Package uniquecounter Info: New unique counter `rerunfilecheck' on input line 284.
)
\Hy@SectionHShift=\skip71
) (c:/Users/kuipers/AppData/Roaming/TinyTeX/texmf-dist/tex/latex/bookmark/bkm-dvipdfm.def
File: bkm-dvipdfm.def 2023-12-10 v1.31 bookmark driver for dvipdfm (HO)
\BKM@id=\count351
)) (./_main.aux)
\openout1 = `_main.aux'.

LaTeX Font Info:    Checking defaults for OML/cmm/m/it on input line 106.
LaTeX Font Info:    ... okay on input line 106.
LaTeX Font Info:    Checking defaults for OMS/cmsy/m/n on input line 106.
LaTeX Font Info:    ... okay on input line 106.
LaTeX Font Info:    Checking defaults for OT1/cmr/m/n on input line 106.
LaTeX Font Info:    ... okay on input line 106.
LaTeX Font Info:    Checking defaults for T1/cmr/m/n on input line 106.
LaTeX Font Info:    ... okay on input line 106.
LaTeX Font Info:    Checking defaults for TS1/cmr/m/n on input line 106.
LaTeX Font Info:    ... okay on input line 106.
LaTeX Font Info:    Checking defaults for TU/lmr/m/n on input line 106.
LaTeX Font Info:    ... okay on input line 106.
LaTeX Font Info:    Checking defaults for OMX/cmex/m/n on input line 106.
LaTeX Font Info:    ... okay on input line 106.
LaTeX Font Info:    Checking defaults for U/cmr/m/n on input line 106.
LaTeX Font Info:    ... okay on input line 106.
LaTeX Font Info:    Checking defaults for PD1/pdf/m/n on input line 106.
LaTeX Font Info:    ... okay on input line 106.
LaTeX Font Info:    Checking defaults for PU/pdf/m/n on input line 106.
LaTeX Font Info:    ... okay on input line 106.
LaTeX Font Info:    Overwriting math alphabet `\mathsf' in version `normal'
(Font)                  OT1/lmss/m/n --> TU/lmss/m/n on input line 106.
LaTeX Font Info:    Overwriting math alphabet `\mathsf' in version `bold'
(Font)                  OT1/lmss/bx/n --> TU/lmss/b/n on input line 106.
LaTeX Font Info:    Overwriting math alphabet `\mathtt' in version `normal'
(Font)                  OT1/lmtt/m/n --> TU/lmtt/m/n on input line 106.
LaTeX Font Info:    Overwriting math alphabet `\mathtt' in version `bold'
(Font)                  OT1/lmtt/m/n --> TU/lmtt/b/n on input line 106.

Package fontspec Info: 
(fontspec)             latinmodern-math scale = 1.203139548468638.


Package fontspec Info: 
(fontspec)             latinmodern-math scale = 1.203139548468638.


Package fontspec Info: 
(fontspec)             latinmodern-math scale = 1.203139548468638.


Package fontspec Info: 
(fontspec)             Font family 'latinmodern-math.otf(0)' created for font
(fontspec)             'latinmodern-math.otf' with options
(fontspec)             [Scale=MatchLowercase,BoldItalicFont={},ItalicFont={},SmallCapsFont={},Script=Math,BoldFont={latinmodern-math.otf}].
(fontspec)              
(fontspec)              This font family consists of the following NFSS
(fontspec)             series/shapes:
(fontspec)              
(fontspec)             - 'normal' (m/n) with NFSS spec.:
(fontspec)             <->s*[1.203139548468638]"[latinmodern-math.otf]/OT:script=math;language=dflt;"
(fontspec)             - 'bold' (b/n) with NFSS spec.:
(fontspec)             <->s*[1.203139548468638]"[latinmodern-math.otf]/OT:script=math;language=dflt;"

LaTeX Font Info:    Font shape `TU/latinmodern-math.otf(0)/m/n' will be
(Font)              scaled to size 12.0314pt on input line 106.

Package fontspec Info: 
(fontspec)             latinmodern-math scale = 1.203139548468638.


Package fontspec Info: 
(fontspec)             latinmodern-math scale = 1.203139548468638.


Package fontspec Info: 
(fontspec)             latinmodern-math scale = 1.203139548468638.


Package fontspec Info: 
(fontspec)             latinmodern-math scale = 1.203139548468638.


Package fontspec Info: 
(fontspec)             latinmodern-math scale = 1.203139548468638.


Package fontspec Info: 
(fontspec)             Font family 'latinmodern-math.otf(1)' created for font
(fontspec)             'latinmodern-math.otf' with options
(fontspec)             [Scale=MatchLowercase,BoldItalicFont={},ItalicFont={},SmallCapsFont={},Script=Math,SizeFeatures={{Size=8.5-},{Size=6-8.5,Font=latinmodern-math.otf,Style=MathScript},{Size=-6,Font=latinmodern-math.otf,Style=MathScriptScript}},BoldFont={latinmodern-math.otf}].
(fontspec)              
(fontspec)              This font family consists of the following NFSS
(fontspec)             series/shapes:
(fontspec)              
(fontspec)             - 'normal' (m/n) with NFSS spec.:
(fontspec)             <8.5->s*[1.203139548468638]"[latinmodern-math.otf]/OT:script=math;language=dflt;"<6-8.5>s*[1.203139548468638]"[latinmodern-math.otf]/OT:script=math;language=dflt;+ssty=0;"<-6>s*[1.203139548468638]"[latinmodern-math.otf]/OT:script=math;language=dflt;+ssty=1;"
(fontspec)             - 'bold' (b/n) with NFSS spec.:
(fontspec)             <->s*[1.203139548468638]"[latinmodern-math.otf]/OT:script=math;language=dflt;"

LaTeX Font Info:    Font shape `TU/latinmodern-math.otf(1)/m/n' will be
(Font)              scaled to size 12.0314pt on input line 106.
LaTeX Font Info:    Encoding `OT1' has changed to `TU' for symbol font
(Font)              `operators' in the math version `normal' on input line 106.
LaTeX Font Info:    Overwriting symbol font `operators' in version `normal'
(Font)                  OT1/lmr/m/n --> TU/latinmodern-math.otf(1)/m/n on input line 106.
LaTeX Font Info:    Encoding `OT1' has changed to `TU' for symbol font
(Font)              `operators' in the math version `bold' on input line 106.
LaTeX Font Info:    Overwriting symbol font `operators' in version `bold'
(Font)                  OT1/lmr/bx/n --> TU/latinmodern-math.otf(1)/b/n on input line 106.

Package fontspec Info: 
(fontspec)             latinmodern-math scale = 1.203139548468638.


Package fontspec Info: 
(fontspec)             latinmodern-math scale = 1.203259862423485.


Package fontspec Info: 
(fontspec)             latinmodern-math scale = 1.203139548468638.


Package fontspec Info: 
(fontspec)             latinmodern-math scale = 1.203259862423485.


Package fontspec Info: 
(fontspec)             latinmodern-math scale = 1.203139548468638.


Package fontspec Info: 
(fontspec)             latinmodern-math scale = 1.203259862423485.


Package fontspec Info: 
(fontspec)             latinmodern-math scale = 1.203139548468638.


Package fontspec Info: 
(fontspec)             latinmodern-math scale = 1.203259862423485.


Package fontspec Info: 
(fontspec)             latinmodern-math scale = 1.203139548468638.


Package fontspec Info: 
(fontspec)             latinmodern-math scale = 1.203259862423485.


Package fontspec Info: 
(fontspec)             Font family 'latinmodern-math.otf(2)' created for font
(fontspec)             'latinmodern-math.otf' with options
(fontspec)             [Scale=MatchLowercase,BoldItalicFont={},ItalicFont={},SmallCapsFont={},Script=Math,SizeFeatures={{Size=8.5-},{Size=6-8.5,Font=latinmodern-math.otf,Style=MathScript},{Size=-6,Font=latinmodern-math.otf,Style=MathScriptScript}},BoldFont={latinmodern-math.otf},ScaleAgain=1.0001,FontAdjustment={\fontdimen
(fontspec)             8\font =8.14526pt\relax \fontdimen 9\font
(fontspec)             =4.74037pt\relax \fontdimen 10\font =5.34195pt\relax
(fontspec)             \fontdimen 11\font =8.25354pt\relax \fontdimen 12\font
(fontspec)             =4.15083pt\relax \fontdimen 13\font =4.3674pt\relax
(fontspec)             \fontdimen 14\font =4.3674pt\relax \fontdimen 15\font
(fontspec)             =3.47708pt\relax \fontdimen 16\font =2.97176pt\relax
(fontspec)             \fontdimen 17\font =2.97176pt\relax \fontdimen 18\font
(fontspec)             =3.00786pt\relax \fontdimen 19\font =2.40628pt\relax
(fontspec)             \fontdimen 22\font =3.00786pt\relax \fontdimen 20\font
(fontspec)             =0pt\relax \fontdimen 21\font =0pt\relax }].
(fontspec)              
(fontspec)              This font family consists of the following NFSS
(fontspec)             series/shapes:
(fontspec)              
(fontspec)             - 'normal' (m/n) with NFSS spec.:
(fontspec)             <8.5->s*[1.203259862423485]"[latinmodern-math.otf]/OT:script=math;language=dflt;"<6-8.5>s*[1.203259862423485]"[latinmodern-math.otf]/OT:script=math;language=dflt;+ssty=0;"<-6>s*[1.203259862423485]"[latinmodern-math.otf]/OT:script=math;language=dflt;+ssty=1;"
(fontspec)             - 'bold' (b/n) with NFSS spec.:
(fontspec)             <->s*[1.203259862423485]"[latinmodern-math.otf]/OT:script=math;language=dflt;"

LaTeX Font Info:    Encoding `OMS' has changed to `TU' for symbol font
(Font)              `symbols' in the math version `normal' on input line 106.
LaTeX Font Info:    Overwriting symbol font `symbols' in version `normal'
(Font)                  OMS/lmsy/m/n --> TU/latinmodern-math.otf(2)/m/n on input line 106.
LaTeX Font Info:    Encoding `OMS' has changed to `TU' for symbol font
(Font)              `symbols' in the math version `bold' on input line 106.
LaTeX Font Info:    Overwriting symbol font `symbols' in version `bold'
(Font)                  OMS/lmsy/b/n --> TU/latinmodern-math.otf(2)/b/n on input line 106.

Package fontspec Info: 
(fontspec)             latinmodern-math scale = 1.203139548468638.


Package fontspec Info: 
(fontspec)             latinmodern-math scale = 1.203019234513791.


Package fontspec Info: 
(fontspec)             latinmodern-math scale = 1.203139548468638.


Package fontspec Info: 
(fontspec)             latinmodern-math scale = 1.203019234513791.


Package fontspec Info: 
(fontspec)             latinmodern-math scale = 1.203139548468638.


Package fontspec Info: 
(fontspec)             latinmodern-math scale = 1.203019234513791.


Package fontspec Info: 
(fontspec)             latinmodern-math scale = 1.203139548468638.


Package fontspec Info: 
(fontspec)             latinmodern-math scale = 1.203019234513791.


Package fontspec Info: 
(fontspec)             latinmodern-math scale = 1.203139548468638.


Package fontspec Info: 
(fontspec)             latinmodern-math scale = 1.203019234513791.


Package fontspec Info: 
(fontspec)             Font family 'latinmodern-math.otf(3)' created for font
(fontspec)             'latinmodern-math.otf' with options
(fontspec)             [Scale=MatchLowercase,BoldItalicFont={},ItalicFont={},SmallCapsFont={},Script=Math,SizeFeatures={{Size=8.5-},{Size=6-8.5,Font=latinmodern-math.otf,Style=MathScript},{Size=-6,Font=latinmodern-math.otf,Style=MathScriptScript}},BoldFont={latinmodern-math.otf},ScaleAgain=0.9999,FontAdjustment={\fontdimen
(fontspec)             8\font =0.48126pt\relax \fontdimen 9\font
(fontspec)             =2.40628pt\relax \fontdimen 10\font =2.00925pt\relax
(fontspec)             \fontdimen 11\font =1.33548pt\relax \fontdimen 12\font
(fontspec)             =7.21884pt\relax \fontdimen 13\font =0pt\relax }].
(fontspec)              
(fontspec)              This font family consists of the following NFSS
(fontspec)             series/shapes:
(fontspec)              
(fontspec)             - 'normal' (m/n) with NFSS spec.:
(fontspec)             <8.5->s*[1.203019234513791]"[latinmodern-math.otf]/OT:script=math;language=dflt;"<6-8.5>s*[1.203019234513791]"[latinmodern-math.otf]/OT:script=math;language=dflt;+ssty=0;"<-6>s*[1.203019234513791]"[latinmodern-math.otf]/OT:script=math;language=dflt;+ssty=1;"
(fontspec)             - 'bold' (b/n) with NFSS spec.:
(fontspec)             <->s*[1.203019234513791]"[latinmodern-math.otf]/OT:script=math;language=dflt;"

LaTeX Font Info:    Encoding `OMX' has changed to `TU' for symbol font
(Font)              `largesymbols' in the math version `normal' on input line 106.
LaTeX Font Info:    Overwriting symbol font `largesymbols' in version `normal'
(Font)                  OMX/lmex/m/n --> TU/latinmodern-math.otf(3)/m/n on input line 106.
LaTeX Font Info:    Encoding `OMX' has changed to `TU' for symbol font
(Font)              `largesymbols' in the math version `bold' on input line 106.
LaTeX Font Info:    Overwriting symbol font `largesymbols' in version `bold'
(Font)                  OMX/lmex/m/n --> TU/latinmodern-math.otf(3)/b/n on input line 106.
*geometry* driver: auto-detecting
*geometry* detected driver: xetex
*geometry* verbose mode - [ preamble ] result:
* driver: xetex
* paper: <default>
* layout: <same size as paper>
* layoutoffset:(h,v)=(0.0pt,0.0pt)
* modes: 
* h-part:(L,W,R)=(72.26999pt, 469.75502pt, 72.26999pt)
* v-part:(T,H,B)=(72.26999pt, 650.43001pt, 72.26999pt)
* \paperwidth=614.295pt
* \paperheight=794.96999pt
* \textwidth=469.75502pt
* \textheight=650.43001pt
* \oddsidemargin=0.0pt
* \evensidemargin=0.0pt
* \topmargin=-37.0pt
* \headheight=12.0pt
* \headsep=25.0pt
* \topskip=10.0pt
* \footskip=30.0pt
* \marginparwidth=65.0pt
* \marginparsep=11.0pt
* \columnsep=10.0pt
* \skip\footins=9.0pt plus 4.0pt minus 2.0pt
* \hoffset=0.0pt
* \voffset=0.0pt
* \mag=1000
* \@twocolumnfalse
* \@twosidefalse
* \@mparswitchfalse
* \@reversemarginfalse
* (1in=72.27pt=25.4mm, 1cm=28.453pt)

Package hyperref Info: Link coloring OFF on input line 106.
LaTeX Font Info:    Font shape `TU/ArialNarrow(0)/m/n' will be
(Font)              scaled to size 17.28pt on input line 108.
LaTeX Font Info:    Font shape `TU/ArialNarrow(0)/m/n' will be
(Font)              scaled to size 12.0pt on input line 108.
LaTeX Font Info:    Font shape `TU/latinmodern-math.otf(1)/m/n' will be
(Font)              scaled to size 14.43768pt on input line 108.
LaTeX Font Info:    Font shape `TU/latinmodern-math.otf(1)/m/n' will be
(Font)              scaled to size 9.62512pt on input line 108.
LaTeX Font Info:    Font shape `TU/latinmodern-math.otf(1)/m/n' will be
(Font)              scaled to size 7.21884pt on input line 108.
LaTeX Font Info:    Trying to load font information for OML+lmm on input line 108.
(c:/Users/kuipers/AppData/Roaming/TinyTeX/texmf-dist/tex/latex/lm/omllmm.fd
File: omllmm.fd 2015/05/01 v1.6.1 Font defs for Latin Modern
)
LaTeX Font Info:    Font shape `TU/latinmodern-math.otf(2)/m/n' will be
(Font)              scaled to size 14.43915pt on input line 108.
LaTeX Font Info:    Font shape `TU/latinmodern-math.otf(2)/m/n' will be
(Font)              scaled to size 9.6261pt on input line 108.
LaTeX Font Info:    Font shape `TU/latinmodern-math.otf(2)/m/n' will be
(Font)              scaled to size 7.21957pt on input line 108.
LaTeX Font Info:    Font shape `TU/latinmodern-math.otf(3)/m/n' will be
(Font)              scaled to size 14.43622pt on input line 108.
LaTeX Font Info:    Font shape `TU/latinmodern-math.otf(3)/m/n' will be
(Font)              scaled to size 9.62415pt on input line 108.
LaTeX Font Info:    Font shape `TU/latinmodern-math.otf(3)/m/n' will be
(Font)              scaled to size 7.21811pt on input line 108.
LaTeX Font Info:    Trying to load font information for U+msa on input line 108.
(c:/Users/kuipers/AppData/Roaming/TinyTeX/texmf-dist/tex/latex/amsfonts/umsa.fd
File: umsa.fd 2013/01/14 v3.01 AMS symbols A
)
LaTeX Font Info:    Trying to load font information for U+msb on input line 108.
(c:/Users/kuipers/AppData/Roaming/TinyTeX/texmf-dist/tex/latex/amsfonts/umsb.fd
File: umsb.fd 2013/01/14 v3.01 AMS symbols B
)
LaTeX Font Info:    Font shape `TU/ArialNarrow(0)/m/n' will be
(Font)              scaled to size 14.4pt on input line 111.
LaTeX Font Info:    Font shape `TU/ArialNarrow(0)/b/n' will be
(Font)              scaled to size 14.4pt on input line 111.
(./_main.toc
LaTeX Font Info:    Font shape `TU/ArialNarrow(0)/b/n' will be
(Font)              scaled to size 10.0pt on input line 1.
LaTeX Font Info:    Font shape `TU/latinmodern-math.otf(1)/m/n' will be
(Font)              scaled to size 8.42198pt on input line 2.
LaTeX Font Info:    Font shape `TU/latinmodern-math.otf(1)/m/n' will be
(Font)              scaled to size 6.0157pt on input line 2.
LaTeX Font Info:    Font shape `TU/latinmodern-math.otf(2)/m/n' will be
(Font)              scaled to size 12.03262pt on input line 2.
LaTeX Font Info:    Font shape `TU/latinmodern-math.otf(2)/m/n' will be
(Font)              scaled to size 8.42284pt on input line 2.
LaTeX Font Info:    Font shape `TU/latinmodern-math.otf(2)/m/n' will be
(Font)              scaled to size 6.01631pt on input line 2.
LaTeX Font Info:    Font shape `TU/latinmodern-math.otf(3)/m/n' will be
(Font)              scaled to size 12.03018pt on input line 2.
LaTeX Font Info:    Font shape `TU/latinmodern-math.otf(3)/m/n' will be
(Font)              scaled to size 8.42113pt on input line 2.
LaTeX Font Info:    Font shape `TU/latinmodern-math.otf(3)/m/n' will be
(Font)              scaled to size 6.01509pt on input line 2.


[1

]

[2])
\tf@toc=\write3
\openout3 = `_main.toc'.



[3]

[4]

[5]
LaTeX Font Info:    Font shape `TU/ArialNarrow(0)/m/it' will be
(Font)              scaled to size 10.0pt on input line 133.
LaTeX Font Info:    Font shape `TU/ArialNarrow(0)/m/n' will be
(Font)              scaled to size 7.0pt on input line 134.
LaTeX Font Info:    Font shape `TU/ArialNarrow(0)/m/n' will be
(Font)              scaled to size 8.0pt on input line 134.
LaTeX Font Info:    Font shape `TU/ArialNarrow(0)/m/n' will be
(Font)              scaled to size 6.0pt on input line 134.
LaTeX Font Info:    Font shape `TU/ArialNarrow(0)/m/it' will be
(Font)              scaled to size 8.0pt on input line 134.


[6]
LaTeX Font Info:    Font shape `TU/ArialNarrow(0)/b/n' will be
(Font)              scaled to size 12.0pt on input line 160.
File: _main_files/figure-latex/graph1-1.pdf Graphic file (type pdf)
<use _main_files/figure-latex/graph1-1.pdf>


[7]

LaTeX Font Warning: Command \small invalid in math mode on input line 221.

LaTeX Font Info:    Font shape `TU/ArialNarrow(0)/m/n' will be
(Font)              scaled to size 9.0pt on input line 221.

LaTeX Font Warning: Command \small invalid in math mode on input line 221.


LaTeX Font Warning: Command \small invalid in math mode on input line 221.

LaTeX Font Info:    Font shape `TU/latinmodern-math.otf(1)/m/n' will be
(Font)              scaled to size 10.82826pt on input line 221.
LaTeX Font Info:    Font shape `TU/latinmodern-math.otf(2)/m/n' will be
(Font)              scaled to size 10.82936pt on input line 221.
LaTeX Font Info:    Font shape `TU/latinmodern-math.otf(3)/m/n' will be
(Font)              scaled to size 10.82716pt on input line 221.


[8]
LaTeX Font Info:    Font shape `TU/ArialNarrow(0)/m/n' will be
(Font)              scaled to size 5.0pt on input line 264.
File: docs/Fig1_CT.png Graphic file (type bmp)
<docs/Fig1_CT.png>


[9]

[10]
File: _main_files/figure-latex/graph2-1.pdf Graphic file (type pdf)
<use _main_files/figure-latex/graph2-1.pdf>


[11]

[12]

[13]
File: docs/Fig1_3.png Graphic file (type bmp)
<docs/Fig1_3.png>


[14]
File: docs/Fig1_4.png Graphic file (type bmp)
<docs/Fig1_4.png>


[15]

[16]
File: docs/Fig1_5.png Graphic file (type bmp)
<docs/Fig1_5.png>


[17]

[18]

[19]

[20]

[21]
LaTeX Font Info:    Font shape `TU/ArialNarrow(0)/b/it' will be
(Font)              scaled to size 10.0pt on input line 836.


[22]

[23]

[24]

[25]

[26]

[27]

[28]

[29]

[30]

[31]
File: docs/Fig2_1Shapesplosion.jpg Graphic file (type bmp)
<docs/Fig2_1Shapesplosion.jpg>


[32]

LaTeX Warning: `!h' float specifier changed to `!ht'.



[33]

[34]
LaTeX Font Info:    Font shape `TU/ArialNarrow(1)/m/n' will be
(Font)              scaled to size 10.0pt on input line 1493.
LaTeX Font Info:    Font shape `TU/ArialNarrow(1)/m/n' will be
(Font)              scaled to size 7.0pt on input line 1493.
LaTeX Font Info:    Font shape `TU/ArialNarrow(1)/m/n' will be
(Font)              scaled to size 5.0pt on input line 1493.


[35]
File: docs/Fig2_2.png Graphic file (type bmp)
<docs/Fig2_2.png>


[36]

[37]
File: docs/Fig2_3.png Graphic file (type bmp)
<docs/Fig2_3.png>


[38]
LaTeX Font Info:    Font shape `TU/ArialNarrow(1)/m/n' will be
(Font)              scaled to size 8.0pt on input line 1691.
LaTeX Font Info:    Font shape `TU/ArialNarrow(1)/m/n' will be
(Font)              scaled to size 6.0pt on input line 1691.


[39]

[40]

[41]
File: docs/Fig2_4.png Graphic file (type bmp)
<docs/Fig2_4.png>


[42]

[43]
File: docs/Fig2_5.png Graphic file (type bmp)
<docs/Fig2_5.png>


[44]

[45]

[46]

[47]

[48]
File: docs/Fig2_6.png Graphic file (type bmp)
<docs/Fig2_6.png>


[49]

[50]

[51]
LaTeX Font Info:    Font shape `TU/ArialNarrow(0)/b/n' will be
(Font)              scaled to size 7.0pt on input line 2287.
LaTeX Font Info:    Font shape `TU/ArialNarrow(0)/b/n' will be
(Font)              scaled to size 5.0pt on input line 2287.


[52]

[53]

[54]

[55]

[56]

[57]

[58]
Underfull \hbox (badness 2326) in paragraph at lines 2596--2597
[]\TU/ArialNarrow(0)/m/n/10 Create a normal probability plot or a histogram of the observed responses (completion times $[][]$, where
 []



[59]

[60]
File: docs/Fig2_7.png Graphic file (type bmp)
<docs/Fig2_7.png>
File: docs/Fig2_8.png Graphic file (type bmp)
<docs/Fig2_8.png>


[61]

[62]

[63]
File: docs/Fig3_1.png Graphic file (type bmp)
<docs/Fig3_1.png>


[64]

[65]

[66]
Underfull \hbox (badness 1360) in paragraph at lines 2896--2897
[]\TU/ArialNarrow(0)/m/n/10 When the sum of the squared residuals $[]$ are small compared to the total spread of the responses
 []



[67]

[68]
File: docs/Fig3_2.png Graphic file (type bmp)
<docs/Fig3_2.png>


[69]

[70]
File: docs/Fig3_3.png Graphic file (type bmp)
<docs/Fig3_3.png>


[71]
File: docs/Fig3_4.png Graphic file (type bmp)
<docs/Fig3_4.png>
File: docs/Fig3_5.png Graphic file (type bmp)
<docs/Fig3_5.png>


[72]
File: docs/Fig3_6.png Graphic file (type bmp)
<docs/Fig3_6.png>


[73]

[74]
File: docs/Fig3_7.png Graphic file (type bmp)
<docs/Fig3_7.png>


[75]

[76]

[77]
File: docs/Fig3_8.png Graphic file (type bmp)
<docs/Fig3_8.png>
LaTeX Font Info:    Font shape `TU/ArialNarrow(1)/m/n' will be
(Font)              scaled to size 12.0pt on input line 3383.


[78]
File: docs/Fig3_9.png Graphic file (type bmp)
<docs/Fig3_9.png>

LaTeX Warning: Reference `3.7' on page 79 undefined on input line 3417.



[79]
Underfull \hbox (badness 10000) in paragraph at lines 3468--3470

 []


Underfull \hbox (badness 10000) in paragraph at lines 3470--3472

 []


Underfull \hbox (badness 10000) in paragraph at lines 3472--3474

 []


Underfull \hbox (badness 10000) in paragraph at lines 3478--3480

 []



[80]

[81]

[82]
File: docs/Fig3_10.png Graphic file (type bmp)
<docs/Fig3_10.png>


[83]
File: docs/Fig3_11.png Graphic file (type bmp)
<docs/Fig3_11.png>


[84]

[85]

[86]

[87]

[88]

[89]

[90]

[91]

[92]

[93]
Missing character: There is no ‑ (U+2011) in font Arial Narrow/OT:language=dflt;mapping=tex-text;!

Underfull \hbox (badness 10000) in paragraph at lines 4180--4182

 []

Missing character: There is no ‑ (U+2011) in font Arial Narrow/OT:language=dflt;mapping=tex-text;!

Underfull \hbox (badness 10000) in paragraph at lines 4182--4184

 []


Underfull \hbox (badness 10000) in paragraph at lines 4184--4186

 []

Missing character: There is no ‑ (U+2011) in font Arial Narrow/OT:language=dflt;mapping=tex-text;!
Missing character: There is no ‑ (U+2011) in font Arial Narrow/OT:language=dflt;mapping=tex-text;!

Underfull \hbox (badness 10000) in paragraph at lines 4186--4188

 []


Underfull \hbox (badness 10000) in paragraph at lines 4188--4190

 []



[94]

[95]
Missing character: There is no ‑ (U+2011) in font Arial Narrow/OT:language=dflt;mapping=tex-text;!
Missing character: There is no ‑ (U+2011) in font Arial Narrow/OT:language=dflt;mapping=tex-text;!
Missing character: There is no ‑ (U+2011) in font Arial Narrow/OT:language=dflt;mapping=tex-text;!
Missing character: There is no ‑ (U+2011) in font Arial Narrow/OT:language=dflt;mapping=tex-text;!
Missing character: There is no ‑ (U+2011) in font Arial Narrow/OT:language=dflt;mapping=tex-text;!
Missing character: There is no ‑ (U+2011) in font Arial Narrow/OT:language=dflt;mapping=tex-text;!
Missing character: There is no ‑ (U+2011) in font Arial Narrow/OT:language=dflt;mapping=tex-text;!
Missing character: There is no ‑ (U+2011) in font Arial Narrow/OT:language=dflt;mapping=tex-text;!
Missing character: There is no ‑ (U+2011) in font Arial Narrow/OT:language=dflt;mapping=tex-text;!


[96]

[97]

[98]

[99]
Underfull \hbox (badness 10000) in paragraph at lines 4368--4370

 []


Underfull \hbox (badness 10000) in paragraph at lines 4370--4372

 []

File: _main_files/figure-latex/fig41-1.pdf Graphic file (type pdf)
<use _main_files/figure-latex/fig41-1.pdf>


[100]

LaTeX Warning: `!h' float specifier changed to `!ht'.



[101]
Underfull \hbox (badness 10000) in paragraph at lines 4445--4447

 []



[102]

[103]
Underfull \hbox (badness 10000) in paragraph at lines 4551--4553

 []


Underfull \hbox (badness 10000) in paragraph at lines 4553--4555

 []


Underfull \hbox (badness 10000) in paragraph at lines 4555--4557

 []


Underfull \hbox (badness 10000) in paragraph at lines 4557--4559

 []


Underfull \hbox (badness 10000) in paragraph at lines 4559--4561

 []


Underfull \hbox (badness 10000) in paragraph at lines 4561--4564

 []



[104]
Underfull \hbox (badness 10000) in paragraph at lines 4564--4566

 []

File: _main_files/figure-latex/fig42-1.pdf Graphic file (type pdf)
<use _main_files/figure-latex/fig42-1.pdf>


[105]

[106]

[107]
File: docs/Fig4_3MainInteractionPlots.jpg Graphic file (type bmp)
<docs/Fig4_3MainInteractionPlots.jpg>


[108]

LaTeX Warning: `!h' float specifier changed to `!ht'.


LaTeX Warning: `!h' float specifier changed to `!ht'.



[109]
File: docs/Fig4_4TwoWayDiagram.jpg Graphic file (type bmp)
<docs/Fig4_4TwoWayDiagram.jpg>


[110]

[111]

LaTeX Warning: Reference `4.7' on page 112 undefined on input line 4940.



[112]

[113]

LaTeX Warning: `!h' float specifier changed to `!ht'.



[114]

[115]

LaTeX Warning: Reference `4.7' on page 116 undefined on input line 5162.



[116]

[117]

[118]

[119]

[120]

LaTeX Warning: `!h' float specifier changed to `!ht'.



[121]
File: docs/Fig4_5_Bacteria.jpg Graphic file (type bmp)
<docs/Fig4_5_Bacteria.jpg>


[122]

[123]

[124]

[125]
Overfull \hbox (485.74498pt too wide) in paragraph at lines 5604--5604
[]\TU/lmtt/m/n/10 ## WARNING: Rtools is required to build R packages, but no version of Rtools compatible with R 4.5.0 was found. (Only the following incompatible version(s) of Rtools were found: 4.2)[] 
 []


Overfull \hbox (23.74498pt too wide) in paragraph at lines 5604--5604
[]\TU/lmtt/m/n/10 ## Please download and install Rtools 4.5 from https://cran.r-project.org/bin/windows/Rtools/.[] 
 []


Overfull \hbox (144.49498pt too wide) in paragraph at lines 5613--5613
[]\TU/lmtt/m/n/10 ## Skipping install of 'myfirstpackage' from a github remote, the SHA1 (d1348fe2) has not changed since last install.[] 
 []



[126]
File: docs/Fig6_1Cells.png Graphic file (type bmp)
<docs/Fig6_1Cells.png>


[127]
File: _main_files/figure-latex/fig52-1.pdf Graphic file (type pdf)
<use _main_files/figure-latex/fig52-1.pdf>


[128]

[129]

[130]

[131]

[132]
Underfull \hbox (badness 10000) in paragraph at lines 5927--5928

 []


Underfull \hbox (badness 10000) in paragraph at lines 5934--5936

 []



[133]
Underfull \hbox (badness 10000) in paragraph at lines 6055--6057

 []



[134]

[135]
Underfull \hbox (badness 10000) in paragraph at lines 6119--6121

 []



[136]

[137]

[138]
Underfull \hbox (badness 10000) in paragraph at lines 6254--6255

 []


Underfull \hbox (badness 10000) in paragraph at lines 6261--6263

 []


Underfull \hbox (badness 10000) in paragraph at lines 6263--6265

 []


Underfull \hbox (badness 10000) in paragraph at lines 6265--6267

 []


Underfull \hbox (badness 10000) in paragraph at lines 6275--6276

 []


Underfull \hbox (badness 10000) in paragraph at lines 6282--6284

 []


Underfull \hbox (badness 10000) in paragraph at lines 6284--6286

 []


Underfull \hbox (badness 10000) in paragraph at lines 6286--6288

 []

Missing character: There is no ‑ (U+2011) in font Arial Narrow Bold/OT:language=dflt;mapping=tex-text;!


[139]
Missing character: There is no ‑ (U+2011) in font Arial Narrow Bold/OT:language=dflt;mapping=tex-text;!
Missing character: There is no ‑ (U+2011) in font Arial Narrow/OT:language=dflt;mapping=tex-text;!
Missing character: There is no ‑ (U+2011) in font Arial Narrow/OT:language=dflt;mapping=tex-text;!
Missing character: There is no ‑ (U+2011) in font Arial Narrow/OT:language=dflt;mapping=tex-text;!
Missing character: There is no ‑ (U+2011) in font Arial Narrow/OT:language=dflt;mapping=tex-text;!
Missing character: There is no ‑ (U+2011) in font Arial Narrow/OT:language=dflt;mapping=tex-text;!
Missing character: There is no ‐ (U+2010) in font Arial Narrow/OT:language=dflt;mapping=tex-text;!
Missing character: There is no ‑ (U+2011) in font Arial Narrow/OT:language=dflt;mapping=tex-text;!

Underfull \hbox (badness 10000) in paragraph at lines 6356--6358

 []



[140]

[141]

[142]

[143]
Missing character: There is no ‑ (U+2011) in font Arial Narrow/OT:language=dflt;mapping=tex-text;!

LaTeX Warning: `!h' float specifier changed to `!ht'.


Underfull \hbox (badness 10000) in paragraph at lines 6557--6558

 []


Underfull \hbox (badness 10000) in paragraph at lines 6564--6566

 []


Underfull \hbox (badness 10000) in paragraph at lines 6566--6568

 []


Underfull \hbox (badness 10000) in paragraph at lines 6568--6570

 []



[144]
Underfull \hbox (badness 10000) in paragraph at lines 6570--6572

 []

Missing character: There is no ‑ (U+2011) in font Arial Narrow/OT:language=dflt;mapping=tex-text;!
Missing character: There is no ‑ (U+2011) in font Arial Narrow/OT:language=dflt;mapping=tex-text;!
Missing character: There is no ‑ (U+2011) in font Arial Narrow/OT:language=dflt;mapping=tex-text;!
Missing character: There is no ‑ (U+2011) in font Arial Narrow/OT:language=dflt;mapping=tex-text;!
Missing character: There is no ‑ (U+2011) in font Arial Narrow/OT:language=dflt;mapping=tex-text;!


[145]

[146]
Missing character: There is no ‐ (U+2010) in font Arial Narrow/OT:language=dflt;mapping=tex-text;!


[147]

[148]

LaTeX Warning: `!h' float specifier changed to `!ht'.



[149]

LaTeX Warning: `!h' float specifier changed to `!ht'.



[150]

[151]
Underfull \hbox (badness 4403) in paragraph at lines 6969--6971
[]\TU/ArialNarrow(0)/m/n/10 American Cancer Society, \TU/ArialNarrow(0)/m/it/10 Cancer Facts and Figures 2008\TU/ArialNarrow(0)/m/n/10 , Atlanta, GA, http://www.cancer.org/acs/groups/con-
 []



[152]
Overfull \hbox (485.74498pt too wide) in paragraph at lines 7011--7011
[]\TU/lmtt/m/n/10 ## WARNING: Rtools is required to build R packages, but no version of Rtools compatible with R 4.5.0 was found. (Only the following incompatible version(s) of Rtools were found: 4.2)[] 
 []


Overfull \hbox (23.74498pt too wide) in paragraph at lines 7011--7011
[]\TU/lmtt/m/n/10 ## Please download and install Rtools 4.5 from https://cran.r-project.org/bin/windows/Rtools/.[] 
 []


Overfull \hbox (144.49498pt too wide) in paragraph at lines 7020--7020
[]\TU/lmtt/m/n/10 ## Skipping install of 'myfirstpackage' from a github remote, the SHA1 (d1348fe2) has not changed since last install.[] 
 []


Underfull \hbox (badness 6364) in paragraph at lines 7027--7027
[][][]\TU/ArialNarrow(0)/m/n/8 D. Leonhardt, “John Tukey, 85, Statistician, Coined the Word ‘Software’,” New York Times Archives on the Web, 7/28/2000, stat.bell-
 []


Underfull \hbox (badness 10000) in paragraph at lines 7037--7039

 []



[153]
Underfull \hbox (badness 10000) in paragraph at lines 7039--7041

 []


Underfull \hbox (badness 10000) in paragraph at lines 7041--7043

 []


Underfull \hbox (badness 10000) in paragraph at lines 7043--7045

 []


Underfull \hbox (badness 10000) in paragraph at lines 7045--7047

 []

File: docs/Fig7_1Rocket.png Graphic file (type bmp)
<docs/Fig7_1Rocket.png>


[154]
File: docs/Fig7_2Rocket2.png Graphic file (type bmp)
<docs/Fig7_2Rocket2.png>
Missing character: There is no ‑ (U+2011) in font Arial Narrow/OT:language=dflt;mapping=tex-text;!

LaTeX Warning: `!h' float specifier changed to `!ht'.

Missing character: There is no ‑ (U+2011) in font Arial Narrow/OT:language=dflt;mapping=tex-text;!
Missing character: There is no ‑ (U+2011) in font Arial Narrow/OT:language=dflt;mapping=tex-text;!
Missing character: There is no ‑ (U+2011) in font Arial Narrow/OT:language=dflt;mapping=tex-text;!
Missing character: There is no ‑ (U+2011) in font Arial Narrow/OT:language=dflt;mapping=tex-text;!
Missing character: There is no ‑ (U+2011) in font Arial Narrow/OT:language=dflt;mapping=tex-text;!
Missing character: There is no ‑ (U+2011) in font Arial Narrow/OT:language=dflt;mapping=tex-text;!


[155]
Missing character: There is no ‑ (U+2011) in font Arial Narrow/OT:language=dflt;mapping=tex-text;!
Missing character: There is no ‑ (U+2011) in font Arial Narrow/OT:language=dflt;mapping=tex-text;!


[156]

[157]
File: _main_files/figure-latex/fig63-1.pdf Graphic file (type pdf)
<use _main_files/figure-latex/fig63-1.pdf>


[158]
File: _main_files/figure-latex/fig64-1.pdf Graphic file (type pdf)
<use _main_files/figure-latex/fig64-1.pdf>


[159]
Underfull \hbox (badness 10000) in paragraph at lines 7360--7362

 []



[160]

[161]
Underfull \hbox (badness 10000) in paragraph at lines 7442--7444

 []



[162]

[163]
File: docs/Fig7_5Minitab.png Graphic file (type bmp)
<docs/Fig7_5Minitab.png>


[164]

[165]
Underfull \hbox (badness 10000) in paragraph at lines 7623--7624

 []


Underfull \hbox (badness 10000) in paragraph at lines 7642--7644

 []


Underfull \hbox (badness 10000) in paragraph at lines 7652--7653

 []


Underfull \hbox (badness 10000) in paragraph at lines 7659--7661

 []



[166]
File: _main_files/figure-latex/fig66-1.pdf Graphic file (type pdf)
<use _main_files/figure-latex/fig66-1.pdf>


[167]

[168]

[169]
File: docs/Fig7_8MinitabPairs.png Graphic file (type bmp)
<docs/Fig7_8MinitabPairs.png>


[170]

[171]
Underfull \hbox (badness 10000) in paragraph at lines 7913--7915

 []


Underfull \hbox (badness 10000) in paragraph at lines 7958--7959

 []


Underfull \hbox (badness 10000) in paragraph at lines 7965--7967

 []


Underfull \hbox (badness 10000) in paragraph at lines 7967--7969

 []

File: _main_files/figure-latex/fig68-1.pdf Graphic file (type pdf)
<use _main_files/figure-latex/fig68-1.pdf>


[172]
Underfull \hbox (badness 10000) in paragraph at lines 8017--8019

 []


Underfull \hbox (badness 10000) in paragraph at lines 8019--8021

 []



[173]
Missing character: There is no ‐ (U+2010) in font Arial Narrow/OT:language=dflt;mapping=tex-text;!
Missing character: There is no ‐ (U+2010) in font Arial Narrow/OT:language=dflt;mapping=tex-text;!
Missing character: There is no ‐ (U+2010) in font Arial Narrow/OT:language=dflt;mapping=tex-text;!
Missing character: There is no ‐ (U+2010) in font Arial Narrow/OT:language=dflt;mapping=tex-text;!
Missing character: There is no ‐ (U+2010) in font Arial Narrow/OT:language=dflt;mapping=tex-text;!
Missing character: There is no ‐ (U+2010) in font Arial Narrow/OT:language=dflt;mapping=tex-text;!
Missing character: There is no ‐ (U+2010) in font Arial Narrow/OT:language=dflt;mapping=tex-text;!
Missing character: There is no ‐ (U+2010) in font Arial Narrow/OT:language=dflt;mapping=tex-text;!
Missing character: There is no ‐ (U+2010) in font Arial Narrow/OT:language=dflt;mapping=tex-text;!
Missing character: There is no ‐ (U+2010) in font Arial Narrow/OT:language=dflt;mapping=tex-text;!
Missing character: There is no ‐ (U+2010) in font Arial Narrow Bold/OT:language=dflt;mapping=tex-text;!
Missing character: There is no ‐ (U+2010) in font Arial Narrow Bold/OT:language=dflt;mapping=tex-text;!
Missing character: There is no ‐ (U+2010) in font Arial Narrow Bold/OT:language=dflt;mapping=tex-text;!
Missing character: There is no ‐ (U+2010) in font Arial Narrow/OT:language=dflt;mapping=tex-text;!
Missing character: There is no ‐ (U+2010) in font Arial Narrow/OT:language=dflt;mapping=tex-text;!
Missing character: There is no ‐ (U+2010) in font Arial Narrow/OT:language=dflt;mapping=tex-text;!
Missing character: There is no ‐ (U+2010) in font Arial Narrow Bold/OT:language=dflt;mapping=tex-text;!
Missing character: There is no ‐ (U+2010) in font Arial Narrow Bold/OT:language=dflt;mapping=tex-text;!
Missing character: There is no ‐ (U+2010) in font Arial Narrow/OT:language=dflt;mapping=tex-text;!
Missing character: There is no ‐ (U+2010) in font Arial Narrow/OT:language=dflt;mapping=tex-text;!
Missing character: There is no ‐ (U+2010) in font Arial Narrow/OT:language=dflt;mapping=tex-text;!
Missing character: There is no ‐ (U+2010) in font Arial Narrow/OT:language=dflt;mapping=tex-text;!
Missing character: There is no ‐ (U+2010) in font Arial Narrow/OT:language=dflt;mapping=tex-text;!
Missing character: There is no ‐ (U+2010) in font Arial Narrow/OT:language=dflt;mapping=tex-text;!
Missing character: There is no ‐ (U+2010) in font Arial Narrow/OT:language=dflt;mapping=tex-text;!
Missing character: There is no ‐ (U+2010) in font Arial Narrow/OT:language=dflt;mapping=tex-text;!
Missing character: There is no ‐ (U+2010) in font Arial Narrow/OT:language=dflt;mapping=tex-text;!
Missing character: There is no ‐ (U+2010) in font Arial Narrow/OT:language=dflt;mapping=tex-text;!
Missing character: There is no ‐ (U+2010) in font Arial Narrow/OT:language=dflt;mapping=tex-text;!
Missing character: There is no ‐ (U+2010) in font Arial Narrow/OT:language=dflt;mapping=tex-text;!
Missing character: There is no ‐ (U+2010) in font Arial Narrow Bold/OT:language=dflt;mapping=tex-text;!
Missing character: There is no ‐ (U+2010) in font Arial Narrow/OT:language=dflt;mapping=tex-text;!
Missing character: There is no ‐ (U+2010) in font Arial Narrow/OT:language=dflt;mapping=tex-text;!
Missing character: There is no ‐ (U+2010) in font Arial Narrow/OT:language=dflt;mapping=tex-text;!
Missing character: There is no ‐ (U+2010) in font Arial Narrow/OT:language=dflt;mapping=tex-text;!
Missing character: There is no ‐ (U+2010) in font Arial Narrow/OT:language=dflt;mapping=tex-text;!
Missing character: There is no ‐ (U+2010) in font Arial Narrow/OT:language=dflt;mapping=tex-text;!
Missing character: There is no ‐ (U+2010) in font Arial Narrow/OT:language=dflt;mapping=tex-text;!
Missing character: There is no ‐ (U+2010) in font Arial Narrow/OT:language=dflt;mapping=tex-text;!

Underfull \hbox (badness 10000) in paragraph at lines 8077--8078

 []



[174]
Underfull \hbox (badness 10000) in paragraph at lines 8084--8085

 []

Missing character: There is no ‐ (U+2010) in font Arial Narrow/OT:language=dflt;mapping=tex-text;!

Underfull \hbox (badness 10000) in paragraph at lines 8107--8108

 []


Underfull \hbox (badness 10000) in paragraph at lines 8111--8114

 []

Missing character: There is no ‐ (U+2010) in font Arial Narrow/OT:language=dflt;mapping=tex-text;!

Underfull \hbox (badness 10000) in paragraph at lines 8114--8116

 []

Missing character: There is no ‐ (U+2010) in font Arial Narrow/OT:language=dflt;mapping=tex-text;!
Missing character: There is no ‐ (U+2010) in font Arial Narrow/OT:language=dflt;mapping=tex-text;!
Missing character: There is no ‐ (U+2010) in font Arial Narrow/OT:language=dflt;mapping=tex-text;!

Underfull \hbox (badness 10000) in paragraph at lines 8124--8125

 []



[175]
File: docs/Fig7_10MinitabLog.png Graphic file (type bmp)
<docs/Fig7_10MinitabLog.png>
Missing character: There is no ‐ (U+2010) in font Arial Narrow Bold/OT:language=dflt;mapping=tex-text;!
Missing character: There is no ‐ (U+2010) in font Arial Narrow Bold/OT:language=dflt;mapping=tex-text;!
Missing character: There is no ‐ (U+2010) in font Arial Narrow/OT:language=dflt;mapping=tex-text;!
Missing character: There is no ‐ (U+2010) in font Arial Narrow/OT:language=dflt;mapping=tex-text;!


[176]
Missing character: There is no ‐ (U+2010) in font Arial Narrow Bold/OT:language=dflt;mapping=tex-text;!
Missing character: There is no ‐ (U+2010) in font Arial Narrow Bold/OT:language=dflt;mapping=tex-text;!
Missing character: There is no ‐ (U+2010) in font Arial Narrow/OT:language=dflt;mapping=tex-text;!
Missing character: There is no ‐ (U+2010) in font Arial Narrow/OT:language=dflt;mapping=tex-text;!
Missing character: There is no ‐ (U+2010) in font Arial Narrow/OT:language=dflt;mapping=tex-text;!
Missing character: There is no ‐ (U+2010) in font Arial Narrow/OT:language=dflt;mapping=tex-text;!
Missing character: There is no ‐ (U+2010) in font Arial Narrow/OT:language=dflt;mapping=tex-text;!
Missing character: There is no ‐ (U+2010) in font Arial Narrow/OT:language=dflt;mapping=tex-text;!
Missing character: There is no ‐ (U+2010) in font Arial Narrow/OT:language=dflt;mapping=tex-text;!
Missing character: There is no ‐ (U+2010) in font Arial Narrow/OT:language=dflt;mapping=tex-text;!
Missing character: There is no ‐ (U+2010) in font Arial Narrow/OT:language=dflt;mapping=tex-text;!
Missing character: There is no ‐ (U+2010) in font Arial Narrow/OT:language=dflt;mapping=tex-text;!
Missing character: There is no ‐ (U+2010) in font Arial Narrow/OT:language=dflt;mapping=tex-text;!
Missing character: There is no ‐ (U+2010) in font Arial Narrow/OT:language=dflt;mapping=tex-text;!
Missing character: There is no ‐ (U+2010) in font Arial Narrow/OT:language=dflt;mapping=tex-text;!
Missing character: There is no ‐ (U+2010) in font Arial Narrow/OT:language=dflt;mapping=tex-text;!
Missing character: There is no ‐ (U+2010) in font Arial Narrow/OT:language=dflt;mapping=tex-text;!
Missing character: There is no ‐ (U+2010) in font Arial Narrow/OT:language=dflt;mapping=tex-text;!
Missing character: There is no ‐ (U+2010) in font Arial Narrow/OT:language=dflt;mapping=tex-text;!


[177]
Missing character: There is no ‐ (U+2010) in font Arial Narrow/OT:language=dflt;mapping=tex-text;!
Missing character: There is no ‐ (U+2010) in font Arial Narrow/OT:language=dflt;mapping=tex-text;!
Missing character: There is no ‐ (U+2010) in font Arial Narrow/OT:language=dflt;mapping=tex-text;!
File: _main_files/figure-latex/fig610-1.pdf Graphic file (type pdf)
<use _main_files/figure-latex/fig610-1.pdf>
Missing character: There is no ‐ (U+2010) in font Arial Narrow/OT:language=dflt;mapping=tex-text;!
File: _main_files/figure-latex/fig612-1.pdf Graphic file (type pdf)
<use _main_files/figure-latex/fig612-1.pdf>
Missing character: There is no ‐ (U+2010) in font Arial Narrow/OT:language=dflt;mapping=tex-text;!
Missing character: There is no ‐ (U+2010) in font Arial Narrow/OT:language=dflt;mapping=tex-text;!
Missing character: There is no ‐ (U+2010) in font Arial Narrow/OT:language=dflt;mapping=tex-text;!

Underfull \hbox (badness 10000) in paragraph at lines 8266--8267

 []



[178]
Underfull \hbox (badness 10000) in paragraph at lines 8273--8275

 []

Missing character: There is no ‐ (U+2010) in font Arial Narrow/OT:language=dflt;mapping=tex-text;!

Underfull \hbox (badness 10000) in paragraph at lines 8275--8277

 []

Missing character: There is no ‐ (U+2010) in font Arial Narrow/OT:language=dflt;mapping=tex-text;!

Underfull \hbox (badness 10000) in paragraph at lines 8277--8279

 []



[179]
Underfull \hbox (badness 10000) in paragraph at lines 8363--8364

 []



[180]
Underfull \hbox (badness 10000) in paragraph at lines 8377--8379

 []



[181]

[182]

[183]
Underfull \hbox (badness 6364) in paragraph at lines 8534--8535
[]\TU/ArialNarrow(0)/m/n/10 Create a logistic regression model using the first five variables (\TU/lmtt/m/n/10 Gender, Status, Age, Smoked,
 []



[184]

[185]

[186]
Underfull \hbox (badness 2359) in paragraph at lines 8635--8637
[]\TU/ArialNarrow(0)/m/it/10 Report of the Presidential Commission on the Space Shuttle Challenger Accident\TU/ArialNarrow(0)/m/n/10 , http://history.nasa.gov/ roger-
 []


Underfull \hbox (badness 2359) in paragraph at lines 8637--8639
[]\TU/ArialNarrow(0)/m/it/10 Report of the Presidential Commission on the Space Shuttle Challenger Accident\TU/ArialNarrow(0)/m/n/10 , http://history.nasa.gov/ roger-
 []



[187]
Underfull \hbox (badness 10000) in paragraph at lines 8660--8661
[]\TU/ArialNarrow(0)/m/n/10 2005 Iowa Youth Survey Report, http://www.iowayouthsurvey.org/images/2005_county_reports/79.Poweshiek.pdf,
 []


Overfull \hbox (485.74498pt too wide) in paragraph at lines 8671--8671
[]\TU/lmtt/m/n/10 ## WARNING: Rtools is required to build R packages, but no version of Rtools compatible with R 4.5.0 was found. (Only the following incompatible version(s) of Rtools were found: 4.2)[] 
 []


Overfull \hbox (23.74498pt too wide) in paragraph at lines 8671--8671
[]\TU/lmtt/m/n/10 ## Please download and install Rtools 4.5 from https://cran.r-project.org/bin/windows/Rtools/.[] 
 []


Overfull \hbox (144.49498pt too wide) in paragraph at lines 8680--8680
[]\TU/lmtt/m/n/10 ## Skipping install of 'myfirstpackage' from a github remote, the SHA1 (d1348fe2) has not changed since last install.[] 
 []



[188]
Underfull \hbox (badness 10000) in paragraph at lines 8697--8699

 []


Underfull \hbox (badness 10000) in paragraph at lines 8699--8701

 []


Underfull \hbox (badness 10000) in paragraph at lines 8701--8703

 []


Underfull \hbox (badness 10000) in paragraph at lines 8703--8705

 []


Underfull \hbox (badness 10000) in paragraph at lines 8705--8707

 []



[189]
Underfull \hbox (badness 10000) in paragraph at lines 8730--8732

 []


Underfull \hbox (badness 10000) in paragraph at lines 8732--8734

 []


Underfull \hbox (badness 10000) in paragraph at lines 8734--8736

 []


Underfull \hbox (badness 10000) in paragraph at lines 8758--8760

 []


Underfull \hbox (badness 10000) in paragraph at lines 8760--8762

 []



[190]
Underfull \hbox (badness 10000) in paragraph at lines 8785--8787

 []


Underfull \hbox (badness 10000) in paragraph at lines 8787--8789

 []


Underfull \hbox (badness 10000) in paragraph at lines 8789--8791

 []



[191]

[192]

[193]
Underfull \hbox (badness 10000) in paragraph at lines 8940--8942

 []


Overfull \hbox (4.54613pt too wide) in paragraph at lines 8992--9003
 [][] 
 []


LaTeX Warning: `!h' float specifier changed to `!ht'.



[194]
Underfull \hbox (badness 10000) in paragraph at lines 9042--9044

 []


Underfull \hbox (badness 10000) in paragraph at lines 9044--9046

 []


Underfull \hbox (badness 10000) in paragraph at lines 9046--9048

 []



[195]

[196]
File: docs/Fig9_1.png Graphic file (type bmp)
<docs/Fig9_1.png>


[197]
File: docs/Fig9_2.png Graphic file (type bmp)
<docs/Fig9_2.png>


[198]

[199]
File: docs/Fig9_3.png Graphic file (type bmp)
<docs/Fig9_3.png>


[200]
File: docs/Fig9_4.png Graphic file (type bmp)
<docs/Fig9_4.png>


[201]

[202]
File: docs/Fig9_5.png Graphic file (type bmp)
<docs/Fig9_5.png>


[203]
Underfull \hbox (badness 10000) in paragraph at lines 9404--9406

 []



[204]
File: docs/Fig9_6.png Graphic file (type bmp)
<docs/Fig9_6.png>


[205]
Underfull \hbox (badness 10000) in paragraph at lines 9452--9454

 []


Underfull \hbox (badness 10000) in paragraph at lines 9454--9456

 []


Underfull \hbox (badness 10000) in paragraph at lines 9456--9458

 []



[206]
Underfull \hbox (badness 10000) in paragraph at lines 9566--9568

 []



[207]
File: docs/Fig9_7.png Graphic file (type bmp)
<docs/Fig9_7.png>


[208]

[209]

[210]
File: docs/Fig9_8.png Graphic file (type bmp)
<docs/Fig9_8.png>


[211]
File: docs/Fig9_9.png Graphic file (type bmp)
<docs/Fig9_9.png>


[212]
Underfull \hbox (badness 10000) in paragraph at lines 9770--9772

 []



[213]
File: docs/Fig9_10.png Graphic file (type bmp)
<docs/Fig9_10.png>


[214]
Underfull \hbox (badness 10000) in paragraph at lines 9843--9845

 []

File: docs/Fig9_11.png Graphic file (type bmp)
<docs/Fig9_11.png>


[215]
File: docs/Fig9_12.png Graphic file (type bmp)
<docs/Fig9_12.png>

Underfull \hbox (badness 10000) in paragraph at lines 9898--9900

 []


Underfull \hbox (badness 10000) in paragraph at lines 9900--9902

 []



[216]
File: docs/Fig9_13.png Graphic file (type bmp)
<docs/Fig9_13.png>


[217]
File: docs/Fig9_14.png Graphic file (type bmp)
<docs/Fig9_14.png>

Underfull \hbox (badness 10000) in paragraph at lines 9979--9981

 []



[218]
Underfull \hbox (badness 10000) in paragraph at lines 9981--9983

 []


Underfull \hbox (badness 10000) in paragraph at lines 9983--9985

 []

File: docs/Fig9_15.png Graphic file (type bmp)
<docs/Fig9_15.png>


[219]
File: docs/Fig9_16.png Graphic file (type bmp)
<docs/Fig9_16.png>


[220]

[221]

[222]

[223]
File: docs/Fig9_17.png Graphic file (type bmp)
<docs/Fig9_17.png>

LaTeX Warning: `!h' float specifier changed to `!ht'.



[224]
File: docs/Fig9_18.png Graphic file (type bmp)
<docs/Fig9_18.png>
File: docs/Fig9_19.png Graphic file (type bmp)
<docs/Fig9_19.png>


[225]

[226]

[227]

[228]
No file _main.bbl.


[229] (./_main.aux)
 ***********
LaTeX2e <2025-06-01> patch level 1
L3 programming layer <2025-07-20>
 ***********

LaTeX Warning: There were undefined references.

 ) 
Here is how much of TeX's memory you used:
 20533 strings out of 470457
 383502 string characters out of 5489348
 991309 words of memory out of 5000000
 48489 multiletter control sequences out of 15000+600000
 634543 words of font info for 125 fonts, out of 8000000 for 9000
 14 hyphenation exceptions out of 8191
 90i,20n,116p,1355b,565s stack positions out of 10000i,1000n,20000p,200000b,200000s

Output written on _main.pdf (229 pages).
